Starting AI MemeForge Frontend...
Frontend will be available at: http://localhost:5173


> aimemeforge-frontend@1.0.0 dev
> vite


  VITE v5.4.21  ready in 228 ms

  ➜  Local:   http://localhost:5173/
  ➜  Network: use --host to expose
2:21:48 PM [vite] hmr update /src/App.jsx, /src/index.css
2:22:01 PM [vite] page reload src/App.jsx
2:46:21 PM [vite] hmr update /src/App.jsx, /src/index.css
2:46:21 PM [vite] ✨ new dependencies optimized: @heroicons/react/24/outline
2:46:21 PM [vite] ✨ optimized dependencies changed. reloading
2:47:07 PM [vite] hmr update /src/components/layout/AppHeader.jsx, /src/index.css
2:47:07 PM [vite] hmr update /src/components/sections/HeroSection.jsx, /src/index.css
2:47:07 PM [vite] hmr update /src/index.css, /src/App.jsx
2:47:07 PM [vite] hmr update /src/components/layout/GradientBackground.jsx, /src/index.css
2:47:07 PM [vite] hmr update /src/components/sections/ShowcaseSection.jsx, /src/index.css
2:47:07 PM [vite] hmr update /src/components/sections/GeneratorSection.jsx, /src/index.css
2:47:07 PM [vite] hmr update /src/components/sections/FeatureSection.jsx, /src/index.css
2:47:07 PM [vite] hmr update /src/components/sections/PricingSection.jsx, /src/index.css
2:47:07 PM [vite] hmr update /src/App.jsx, /src/index.css
2:47:07 PM [vite] hmr update /src/components/layout/AppFooter.jsx, /src/index.css
2:47:07 PM [vite] hmr update /src/components/sections/TestimonialsSection.jsx, /src/index.css
2:47:11 PM [vite] hmr update /src/App.jsx, /src/index.css
2:22:52 AM [vite] hmr update /src/App.jsx, /src/index.css
2:22:53 AM [vite] Internal server error: Failed to resolve import "../context/AuthContext" from "src/components/auth/LoginPage.jsx". Does the file exist?
  Plugin: vite:import-analysis
  File: /Users/revtiramantripathi/Desktop/untitled folder 5/aimemeforge/frontend/src/components/auth/LoginPage.jsx:3:24
  18 |  import { GoogleLogin } from "@react-oauth/google";
  19 |  import { jwtDecode } from "jwt-decode";
  20 |  import { useAuth } from "../context/AuthContext";
     |                           ^
  21 |  import axios from "axios";
  22 |  import { motion } from "framer-motion";
      at TransformPluginContext._formatError (file:///Users/revtiramantripathi/Desktop/untitled%20folder%205/aimemeforge/frontend/node_modules/vite/dist/node/chunks/dep-BK3b2jBa.js:49258:41)
      at TransformPluginContext.error (file:///Users/revtiramantripathi/Desktop/untitled%20folder%205/aimemeforge/frontend/node_modules/vite/dist/node/chunks/dep-BK3b2jBa.js:49253:16)
      at normalizeUrl (file:///Users/revtiramantripathi/Desktop/untitled%20folder%205/aimemeforge/frontend/node_modules/vite/dist/node/chunks/dep-BK3b2jBa.js:64307:23)
      at process.processTicksAndRejections (node:internal/process/task_queues:95:5)
      at async file:///Users/revtiramantripathi/Desktop/untitled%20folder%205/aimemeforge/frontend/node_modules/vite/dist/node/chunks/dep-BK3b2jBa.js:64439:39
      at async Promise.all (index 5)
      at async TransformPluginContext.transform (file:///Users/revtiramantripathi/Desktop/untitled%20folder%205/aimemeforge/frontend/node_modules/vite/dist/node/chunks/dep-BK3b2jBa.js:64366:7)
      at async PluginContainer.transform (file:///Users/revtiramantripathi/Desktop/untitled%20folder%205/aimemeforge/frontend/node_modules/vite/dist/node/chunks/dep-BK3b2jBa.js:49099:18)
      at async loadAndTransform (file:///Users/revtiramantripathi/Desktop/untitled%20folder%205/aimemeforge/frontend/node_modules/vite/dist/node/chunks/dep-BK3b2jBa.js:51978:27)
2:22:53 AM [vite] Pre-transform error: Failed to resolve import "../context/AuthContext" from "src/components/auth/LoginPage.jsx". Does the file exist?
2:22:53 AM [vite] Internal server error: Failed to resolve import "../context/AuthContext" from "src/components/dashboard/UserDashboard.jsx". Does the file exist?
  Plugin: vite:import-analysis
  File: /Users/revtiramantripathi/Desktop/untitled folder 5/aimemeforge/frontend/src/components/dashboard/UserDashboard.jsx:3:24
  18 |  import { useState, useEffect } from "react";
  19 |  import { motion } from "framer-motion";
  20 |  import { useAuth } from "../context/AuthContext";
     |                           ^
  21 |  import axios from "axios";
  22 |  const API_BASE = import.meta.env.VITE_API_BASE || "http://localhost:8000";
      at TransformPluginContext._formatError (file:///Users/revtiramantripathi/Desktop/untitled%20folder%205/aimemeforge/frontend/node_modules/vite/dist/node/chunks/dep-BK3b2jBa.js:49258:41)
      at TransformPluginContext.error (file:///Users/revtiramantripathi/Desktop/untitled%20folder%205/aimemeforge/frontend/node_modules/vite/dist/node/chunks/dep-BK3b2jBa.js:49253:16)
      at normalizeUrl (file:///Users/revtiramantripathi/Desktop/untitled%20folder%205/aimemeforge/frontend/node_modules/vite/dist/node/chunks/dep-BK3b2jBa.js:64307:23)
      at process.processTicksAndRejections (node:internal/process/task_queues:95:5)
      at async file:///Users/revtiramantripathi/Desktop/untitled%20folder%205/aimemeforge/frontend/node_modules/vite/dist/node/chunks/dep-BK3b2jBa.js:64439:39
      at async Promise.all (index 5)
      at async TransformPluginContext.transform (file:///Users/revtiramantripathi/Desktop/untitled%20folder%205/aimemeforge/frontend/node_modules/vite/dist/node/chunks/dep-BK3b2jBa.js:64366:7)
      at async PluginContainer.transform (file:///Users/revtiramantripathi/Desktop/untitled%20folder%205/aimemeforge/frontend/node_modules/vite/dist/node/chunks/dep-BK3b2jBa.js:49099:18)
      at async loadAndTransform (file:///Users/revtiramantripathi/Desktop/untitled%20folder%205/aimemeforge/frontend/node_modules/vite/dist/node/chunks/dep-BK3b2jBa.js:51978:27)
2:22:53 AM [vite] Pre-transform error: Failed to resolve import "../context/AuthContext" from "src/components/dashboard/UserDashboard.jsx". Does the file exist?
2:22:53 AM [vite] ✨ new dependencies optimized: @react-oauth/google, jwt-decode
2:22:53 AM [vite] ✨ optimized dependencies changed. reloading
2:22:53 AM [vite] Internal server error: Failed to resolve import "../context/AuthContext" from "src/components/auth/LoginPage.jsx". Does the file exist?
  Plugin: vite:import-analysis
  File: /Users/revtiramantripathi/Desktop/untitled folder 5/aimemeforge/frontend/src/components/auth/LoginPage.jsx:3:24
  18 |  import { GoogleLogin } from "@react-oauth/google";
  19 |  import { jwtDecode } from "jwt-decode";
  20 |  import { useAuth } from "../context/AuthContext";
     |                           ^
  21 |  import axios from "axios";
  22 |  import { motion } from "framer-motion";
      at TransformPluginContext._formatError (file:///Users/revtiramantripathi/Desktop/untitled%20folder%205/aimemeforge/frontend/node_modules/vite/dist/node/chunks/dep-BK3b2jBa.js:49258:41)
      at TransformPluginContext.error (file:///Users/revtiramantripathi/Desktop/untitled%20folder%205/aimemeforge/frontend/node_modules/vite/dist/node/chunks/dep-BK3b2jBa.js:49253:16)
      at normalizeUrl (file:///Users/revtiramantripathi/Desktop/untitled%20folder%205/aimemeforge/frontend/node_modules/vite/dist/node/chunks/dep-BK3b2jBa.js:64307:23)
      at process.processTicksAndRejections (node:internal/process/task_queues:95:5)
      at async file:///Users/revtiramantripathi/Desktop/untitled%20folder%205/aimemeforge/frontend/node_modules/vite/dist/node/chunks/dep-BK3b2jBa.js:64439:39
      at async Promise.all (index 5)
      at async TransformPluginContext.transform (file:///Users/revtiramantripathi/Desktop/untitled%20folder%205/aimemeforge/frontend/node_modules/vite/dist/node/chunks/dep-BK3b2jBa.js:64366:7)
      at async PluginContainer.transform (file:///Users/revtiramantripathi/Desktop/untitled%20folder%205/aimemeforge/frontend/node_modules/vite/dist/node/chunks/dep-BK3b2jBa.js:49099:18)
      at async loadAndTransform (file:///Users/revtiramantripathi/Desktop/untitled%20folder%205/aimemeforge/frontend/node_modules/vite/dist/node/chunks/dep-BK3b2jBa.js:51978:27)
2:22:53 AM [vite] Pre-transform error: Failed to resolve import "../context/AuthContext" from "src/components/auth/LoginPage.jsx". Does the file exist?
2:22:53 AM [vite] Internal server error: Failed to resolve import "../context/AuthContext" from "src/components/dashboard/UserDashboard.jsx". Does the file exist?
  Plugin: vite:import-analysis
  File: /Users/revtiramantripathi/Desktop/untitled folder 5/aimemeforge/frontend/src/components/dashboard/UserDashboard.jsx:3:24
  18 |  import { useState, useEffect } from "react";
  19 |  import { motion } from "framer-motion";
  20 |  import { useAuth } from "../context/AuthContext";
     |                           ^
  21 |  import axios from "axios";
  22 |  const API_BASE = import.meta.env.VITE_API_BASE || "http://localhost:8000";
      at TransformPluginContext._formatError (file:///Users/revtiramantripathi/Desktop/untitled%20folder%205/aimemeforge/frontend/node_modules/vite/dist/node/chunks/dep-BK3b2jBa.js:49258:41)
      at TransformPluginContext.error (file:///Users/revtiramantripathi/Desktop/untitled%20folder%205/aimemeforge/frontend/node_modules/vite/dist/node/chunks/dep-BK3b2jBa.js:49253:16)
      at normalizeUrl (file:///Users/revtiramantripathi/Desktop/untitled%20folder%205/aimemeforge/frontend/node_modules/vite/dist/node/chunks/dep-BK3b2jBa.js:64307:23)
      at process.processTicksAndRejections (node:internal/process/task_queues:95:5)
      at async file:///Users/revtiramantripathi/Desktop/untitled%20folder%205/aimemeforge/frontend/node_modules/vite/dist/node/chunks/dep-BK3b2jBa.js:64439:39
      at async Promise.all (index 5)
      at async TransformPluginContext.transform (file:///Users/revtiramantripathi/Desktop/untitled%20folder%205/aimemeforge/frontend/node_modules/vite/dist/node/chunks/dep-BK3b2jBa.js:64366:7)
      at async PluginContainer.transform (file:///Users/revtiramantripathi/Desktop/untitled%20folder%205/aimemeforge/frontend/node_modules/vite/dist/node/chunks/dep-BK3b2jBa.js:49099:18)
      at async loadAndTransform (file:///Users/revtiramantripathi/Desktop/untitled%20folder%205/aimemeforge/frontend/node_modules/vite/dist/node/chunks/dep-BK3b2jBa.js:51978:27)
2:22:53 AM [vite] Pre-transform error: Failed to resolve import "../context/AuthContext" from "src/components/dashboard/UserDashboard.jsx". Does the file exist?
2:23:07 AM [vite] hmr update /src/App.jsx, /src/index.css
2:23:07 AM [vite] Internal server error: Failed to resolve import "../context/AuthContext" from "src/components/auth/LoginPage.jsx". Does the file exist?
  Plugin: vite:import-analysis
  File: /Users/revtiramantripathi/Desktop/untitled folder 5/aimemeforge/frontend/src/components/auth/LoginPage.jsx:3:24
  18 |  import { GoogleLogin } from "@react-oauth/google";
  19 |  import { jwtDecode } from "jwt-decode";
  20 |  import { useAuth } from "../context/AuthContext";
     |                           ^
  21 |  import axios from "axios";
  22 |  import { motion } from "framer-motion";
      at TransformPluginContext._formatError (file:///Users/revtiramantripathi/Desktop/untitled%20folder%205/aimemeforge/frontend/node_modules/vite/dist/node/chunks/dep-BK3b2jBa.js:49258:41)
      at TransformPluginContext.error (file:///Users/revtiramantripathi/Desktop/untitled%20folder%205/aimemeforge/frontend/node_modules/vite/dist/node/chunks/dep-BK3b2jBa.js:49253:16)
      at normalizeUrl (file:///Users/revtiramantripathi/Desktop/untitled%20folder%205/aimemeforge/frontend/node_modules/vite/dist/node/chunks/dep-BK3b2jBa.js:64307:23)
      at process.processTicksAndRejections (node:internal/process/task_queues:95:5)
      at async file:///Users/revtiramantripathi/Desktop/untitled%20folder%205/aimemeforge/frontend/node_modules/vite/dist/node/chunks/dep-BK3b2jBa.js:64439:39
      at async Promise.all (index 5)
      at async TransformPluginContext.transform (file:///Users/revtiramantripathi/Desktop/untitled%20folder%205/aimemeforge/frontend/node_modules/vite/dist/node/chunks/dep-BK3b2jBa.js:64366:7)
      at async PluginContainer.transform (file:///Users/revtiramantripathi/Desktop/untitled%20folder%205/aimemeforge/frontend/node_modules/vite/dist/node/chunks/dep-BK3b2jBa.js:49099:18)
      at async loadAndTransform (file:///Users/revtiramantripathi/Desktop/untitled%20folder%205/aimemeforge/frontend/node_modules/vite/dist/node/chunks/dep-BK3b2jBa.js:51978:27)
2:23:07 AM [vite] Pre-transform error: Failed to resolve import "../context/AuthContext" from "src/components/auth/LoginPage.jsx". Does the file exist?
2:23:07 AM [vite] Internal server error: Failed to resolve import "../context/AuthContext" from "src/components/dashboard/UserDashboard.jsx". Does the file exist?
  Plugin: vite:import-analysis
  File: /Users/revtiramantripathi/Desktop/untitled folder 5/aimemeforge/frontend/src/components/dashboard/UserDashboard.jsx:3:24
  18 |  import { useState, useEffect } from "react";
  19 |  import { motion } from "framer-motion";
  20 |  import { useAuth } from "../context/AuthContext";
     |                           ^
  21 |  import axios from "axios";
  22 |  const API_BASE = import.meta.env.VITE_API_BASE || "http://localhost:8000";
      at TransformPluginContext._formatError (file:///Users/revtiramantripathi/Desktop/untitled%20folder%205/aimemeforge/frontend/node_modules/vite/dist/node/chunks/dep-BK3b2jBa.js:49258:41)
      at TransformPluginContext.error (file:///Users/revtiramantripathi/Desktop/untitled%20folder%205/aimemeforge/frontend/node_modules/vite/dist/node/chunks/dep-BK3b2jBa.js:49253:16)
      at normalizeUrl (file:///Users/revtiramantripathi/Desktop/untitled%20folder%205/aimemeforge/frontend/node_modules/vite/dist/node/chunks/dep-BK3b2jBa.js:64307:23)
      at process.processTicksAndRejections (node:internal/process/task_queues:95:5)
      at async file:///Users/revtiramantripathi/Desktop/untitled%20folder%205/aimemeforge/frontend/node_modules/vite/dist/node/chunks/dep-BK3b2jBa.js:64439:39
      at async Promise.all (index 5)
      at async TransformPluginContext.transform (file:///Users/revtiramantripathi/Desktop/untitled%20folder%205/aimemeforge/frontend/node_modules/vite/dist/node/chunks/dep-BK3b2jBa.js:64366:7)
      at async PluginContainer.transform (file:///Users/revtiramantripathi/Desktop/untitled%20folder%205/aimemeforge/frontend/node_modules/vite/dist/node/chunks/dep-BK3b2jBa.js:49099:18)
      at async loadAndTransform (file:///Users/revtiramantripathi/Desktop/untitled%20folder%205/aimemeforge/frontend/node_modules/vite/dist/node/chunks/dep-BK3b2jBa.js:51978:27)
2:23:07 AM [vite] Pre-transform error: Failed to resolve import "../context/AuthContext" from "src/components/dashboard/UserDashboard.jsx". Does the file exist?
2:23:32 AM [vite] hmr update /src/components/layout/AppHeader.jsx, /src/index.css
2:23:32 AM [vite] Pre-transform error: Failed to resolve import "../context/AuthContext" from "src/components/dashboard/UserDashboard.jsx". Does the file exist?
2:23:32 AM [vite] Pre-transform error: Failed to resolve import "../context/AuthContext" from "src/components/auth/LoginPage.jsx". Does the file exist?
2:23:32 AM [vite] Internal server error: Failed to resolve import "../context/AuthContext" from "src/components/auth/LoginPage.jsx". Does the file exist?
  Plugin: vite:import-analysis
  File: /Users/revtiramantripathi/Desktop/untitled folder 5/aimemeforge/frontend/src/components/auth/LoginPage.jsx:3:24
  18 |  import { GoogleLogin } from "@react-oauth/google";
  19 |  import { jwtDecode } from "jwt-decode";
  20 |  import { useAuth } from "../context/AuthContext";
     |                           ^
  21 |  import axios from "axios";
  22 |  import { motion } from "framer-motion";
      at TransformPluginContext._formatError (file:///Users/revtiramantripathi/Desktop/untitled%20folder%205/aimemeforge/frontend/node_modules/vite/dist/node/chunks/dep-BK3b2jBa.js:49258:41)
      at TransformPluginContext.error (file:///Users/revtiramantripathi/Desktop/untitled%20folder%205/aimemeforge/frontend/node_modules/vite/dist/node/chunks/dep-BK3b2jBa.js:49253:16)
      at normalizeUrl (file:///Users/revtiramantripathi/Desktop/untitled%20folder%205/aimemeforge/frontend/node_modules/vite/dist/node/chunks/dep-BK3b2jBa.js:64307:23)
      at process.processTicksAndRejections (node:internal/process/task_queues:95:5)
      at async file:///Users/revtiramantripathi/Desktop/untitled%20folder%205/aimemeforge/frontend/node_modules/vite/dist/node/chunks/dep-BK3b2jBa.js:64439:39
      at async Promise.all (index 5)
      at async TransformPluginContext.transform (file:///Users/revtiramantripathi/Desktop/untitled%20folder%205/aimemeforge/frontend/node_modules/vite/dist/node/chunks/dep-BK3b2jBa.js:64366:7)
      at async PluginContainer.transform (file:///Users/revtiramantripathi/Desktop/untitled%20folder%205/aimemeforge/frontend/node_modules/vite/dist/node/chunks/dep-BK3b2jBa.js:49099:18)
      at async loadAndTransform (file:///Users/revtiramantripathi/Desktop/untitled%20folder%205/aimemeforge/frontend/node_modules/vite/dist/node/chunks/dep-BK3b2jBa.js:51978:27)
      at async viteTransformMiddleware (file:///Users/revtiramantripathi/Desktop/untitled%20folder%205/aimemeforge/frontend/node_modules/vite/dist/node/chunks/dep-BK3b2jBa.js:62106:24)
2:23:32 AM [vite] Internal server error: Failed to resolve import "../context/AuthContext" from "src/components/dashboard/UserDashboard.jsx". Does the file exist?
  Plugin: vite:import-analysis
  File: /Users/revtiramantripathi/Desktop/untitled folder 5/aimemeforge/frontend/src/components/dashboard/UserDashboard.jsx:3:24
  18 |  import { useState, useEffect } from "react";
  19 |  import { motion } from "framer-motion";
  20 |  import { useAuth } from "../context/AuthContext";
     |                           ^
  21 |  import axios from "axios";
  22 |  const API_BASE = import.meta.env.VITE_API_BASE || "http://localhost:8000";
      at TransformPluginContext._formatError (file:///Users/revtiramantripathi/Desktop/untitled%20folder%205/aimemeforge/frontend/node_modules/vite/dist/node/chunks/dep-BK3b2jBa.js:49258:41)
      at TransformPluginContext.error (file:///Users/revtiramantripathi/Desktop/untitled%20folder%205/aimemeforge/frontend/node_modules/vite/dist/node/chunks/dep-BK3b2jBa.js:49253:16)
      at normalizeUrl (file:///Users/revtiramantripathi/Desktop/untitled%20folder%205/aimemeforge/frontend/node_modules/vite/dist/node/chunks/dep-BK3b2jBa.js:64307:23)
      at process.processTicksAndRejections (node:internal/process/task_queues:95:5)
      at async file:///Users/revtiramantripathi/Desktop/untitled%20folder%205/aimemeforge/frontend/node_modules/vite/dist/node/chunks/dep-BK3b2jBa.js:64439:39
      at async Promise.all (index 5)
      at async TransformPluginContext.transform (file:///Users/revtiramantripathi/Desktop/untitled%20folder%205/aimemeforge/frontend/node_modules/vite/dist/node/chunks/dep-BK3b2jBa.js:64366:7)
      at async PluginContainer.transform (file:///Users/revtiramantripathi/Desktop/untitled%20folder%205/aimemeforge/frontend/node_modules/vite/dist/node/chunks/dep-BK3b2jBa.js:49099:18)
      at async loadAndTransform (file:///Users/revtiramantripathi/Desktop/untitled%20folder%205/aimemeforge/frontend/node_modules/vite/dist/node/chunks/dep-BK3b2jBa.js:51978:27)
      at async viteTransformMiddleware (file:///Users/revtiramantripathi/Desktop/untitled%20folder%205/aimemeforge/frontend/node_modules/vite/dist/node/chunks/dep-BK3b2jBa.js:62106:24)
2:23:44 AM [vite] .env changed, restarting server...
2:23:44 AM [vite] .env changed, restarting server...
2:23:44 AM [vite] server restarted.
2:24:56 AM [vite] Internal server error: Failed to resolve import "../context/AuthContext" from "src/components/dashboard/UserDashboard.jsx". Does the file exist?
  Plugin: vite:import-analysis
  File: /Users/revtiramantripathi/Desktop/untitled folder 5/aimemeforge/frontend/src/components/dashboard/UserDashboard.jsx:3:24
  18 |  import { useState, useEffect } from "react";
  19 |  import { motion } from "framer-motion";
  20 |  import { useAuth } from "../context/AuthContext";
     |                           ^
  21 |  import axios from "axios";
  22 |  const API_BASE = import.meta.env.VITE_API_BASE || "http://localhost:8000";
      at TransformPluginContext._formatError (file:///Users/revtiramantripathi/Desktop/untitled%20folder%205/aimemeforge/frontend/node_modules/vite/dist/node/chunks/dep-BK3b2jBa.js:49258:41)
      at TransformPluginContext.error (file:///Users/revtiramantripathi/Desktop/untitled%20folder%205/aimemeforge/frontend/node_modules/vite/dist/node/chunks/dep-BK3b2jBa.js:49253:16)
      at normalizeUrl (file:///Users/revtiramantripathi/Desktop/untitled%20folder%205/aimemeforge/frontend/node_modules/vite/dist/node/chunks/dep-BK3b2jBa.js:64307:23)
      at process.processTicksAndRejections (node:internal/process/task_queues:95:5)
      at async file:///Users/revtiramantripathi/Desktop/untitled%20folder%205/aimemeforge/frontend/node_modules/vite/dist/node/chunks/dep-BK3b2jBa.js:64439:39
      at async Promise.all (index 5)
      at async TransformPluginContext.transform (file:///Users/revtiramantripathi/Desktop/untitled%20folder%205/aimemeforge/frontend/node_modules/vite/dist/node/chunks/dep-BK3b2jBa.js:64366:7)
      at async PluginContainer.transform (file:///Users/revtiramantripathi/Desktop/untitled%20folder%205/aimemeforge/frontend/node_modules/vite/dist/node/chunks/dep-BK3b2jBa.js:49099:18)
      at async loadAndTransform (file:///Users/revtiramantripathi/Desktop/untitled%20folder%205/aimemeforge/frontend/node_modules/vite/dist/node/chunks/dep-BK3b2jBa.js:51978:27)
2:24:56 AM [vite] Pre-transform error: Failed to resolve import "../context/AuthContext" from "src/components/dashboard/UserDashboard.jsx". Does the file exist?
2:24:56 AM [vite] Internal server error: Failed to resolve import "../context/AuthContext" from "src/components/auth/LoginPage.jsx". Does the file exist?
  Plugin: vite:import-analysis
  File: /Users/revtiramantripathi/Desktop/untitled folder 5/aimemeforge/frontend/src/components/auth/LoginPage.jsx:3:24
  18 |  import { GoogleLogin } from "@react-oauth/google";
  19 |  import { jwtDecode } from "jwt-decode";
  20 |  import { useAuth } from "../context/AuthContext";
     |                           ^
  21 |  import axios from "axios";
  22 |  import { motion } from "framer-motion";
      at TransformPluginContext._formatError (file:///Users/revtiramantripathi/Desktop/untitled%20folder%205/aimemeforge/frontend/node_modules/vite/dist/node/chunks/dep-BK3b2jBa.js:49258:41)
      at TransformPluginContext.error (file:///Users/revtiramantripathi/Desktop/untitled%20folder%205/aimemeforge/frontend/node_modules/vite/dist/node/chunks/dep-BK3b2jBa.js:49253:16)
      at normalizeUrl (file:///Users/revtiramantripathi/Desktop/untitled%20folder%205/aimemeforge/frontend/node_modules/vite/dist/node/chunks/dep-BK3b2jBa.js:64307:23)
      at process.processTicksAndRejections (node:internal/process/task_queues:95:5)
      at async file:///Users/revtiramantripathi/Desktop/untitled%20folder%205/aimemeforge/frontend/node_modules/vite/dist/node/chunks/dep-BK3b2jBa.js:64439:39
      at async Promise.all (index 5)
      at async TransformPluginContext.transform (file:///Users/revtiramantripathi/Desktop/untitled%20folder%205/aimemeforge/frontend/node_modules/vite/dist/node/chunks/dep-BK3b2jBa.js:64366:7)
      at async PluginContainer.transform (file:///Users/revtiramantripathi/Desktop/untitled%20folder%205/aimemeforge/frontend/node_modules/vite/dist/node/chunks/dep-BK3b2jBa.js:49099:18)
      at async loadAndTransform (file:///Users/revtiramantripathi/Desktop/untitled%20folder%205/aimemeforge/frontend/node_modules/vite/dist/node/chunks/dep-BK3b2jBa.js:51978:27)
2:24:56 AM [vite] Pre-transform error: Failed to resolve import "../context/AuthContext" from "src/components/auth/LoginPage.jsx". Does the file exist?
2:26:49 AM [vite] Internal server error: Failed to resolve import "../context/AuthContext" from "src/components/auth/LoginPage.jsx". Does the file exist?
  Plugin: vite:import-analysis
  File: /Users/revtiramantripathi/Desktop/untitled folder 5/aimemeforge/frontend/src/components/auth/LoginPage.jsx:3:24
  18 |  import { GoogleLogin } from "@react-oauth/google";
  19 |  import { jwtDecode } from "jwt-decode";
  20 |  import { useAuth } from "../context/AuthContext";
     |                           ^
  21 |  import axios from "axios";
  22 |  import { motion } from "framer-motion";
      at TransformPluginContext._formatError (file:///Users/revtiramantripathi/Desktop/untitled%20folder%205/aimemeforge/frontend/node_modules/vite/dist/node/chunks/dep-BK3b2jBa.js:49258:41)
      at TransformPluginContext.error (file:///Users/revtiramantripathi/Desktop/untitled%20folder%205/aimemeforge/frontend/node_modules/vite/dist/node/chunks/dep-BK3b2jBa.js:49253:16)
      at normalizeUrl (file:///Users/revtiramantripathi/Desktop/untitled%20folder%205/aimemeforge/frontend/node_modules/vite/dist/node/chunks/dep-BK3b2jBa.js:64307:23)
      at process.processTicksAndRejections (node:internal/process/task_queues:95:5)
      at async file:///Users/revtiramantripathi/Desktop/untitled%20folder%205/aimemeforge/frontend/node_modules/vite/dist/node/chunks/dep-BK3b2jBa.js:64439:39
      at async Promise.all (index 5)
      at async TransformPluginContext.transform (file:///Users/revtiramantripathi/Desktop/untitled%20folder%205/aimemeforge/frontend/node_modules/vite/dist/node/chunks/dep-BK3b2jBa.js:64366:7)
      at async PluginContainer.transform (file:///Users/revtiramantripathi/Desktop/untitled%20folder%205/aimemeforge/frontend/node_modules/vite/dist/node/chunks/dep-BK3b2jBa.js:49099:18)
      at async loadAndTransform (file:///Users/revtiramantripathi/Desktop/untitled%20folder%205/aimemeforge/frontend/node_modules/vite/dist/node/chunks/dep-BK3b2jBa.js:51978:27)
      at async viteTransformMiddleware (file:///Users/revtiramantripathi/Desktop/untitled%20folder%205/aimemeforge/frontend/node_modules/vite/dist/node/chunks/dep-BK3b2jBa.js:62106:24)
2:26:49 AM [vite] Internal server error: Failed to resolve import "../context/AuthContext" from "src/components/dashboard/UserDashboard.jsx". Does the file exist?
  Plugin: vite:import-analysis
  File: /Users/revtiramantripathi/Desktop/untitled folder 5/aimemeforge/frontend/src/components/dashboard/UserDashboard.jsx:3:24
  18 |  import { useState, useEffect } from "react";
  19 |  import { motion } from "framer-motion";
  20 |  import { useAuth } from "../context/AuthContext";
     |                           ^
  21 |  import axios from "axios";
  22 |  const API_BASE = import.meta.env.VITE_API_BASE || "http://localhost:8000";
      at TransformPluginContext._formatError (file:///Users/revtiramantripathi/Desktop/untitled%20folder%205/aimemeforge/frontend/node_modules/vite/dist/node/chunks/dep-BK3b2jBa.js:49258:41)
      at TransformPluginContext.error (file:///Users/revtiramantripathi/Desktop/untitled%20folder%205/aimemeforge/frontend/node_modules/vite/dist/node/chunks/dep-BK3b2jBa.js:49253:16)
      at normalizeUrl (file:///Users/revtiramantripathi/Desktop/untitled%20folder%205/aimemeforge/frontend/node_modules/vite/dist/node/chunks/dep-BK3b2jBa.js:64307:23)
      at process.processTicksAndRejections (node:internal/process/task_queues:95:5)
      at async file:///Users/revtiramantripathi/Desktop/untitled%20folder%205/aimemeforge/frontend/node_modules/vite/dist/node/chunks/dep-BK3b2jBa.js:64439:39
      at async Promise.all (index 5)
      at async TransformPluginContext.transform (file:///Users/revtiramantripathi/Desktop/untitled%20folder%205/aimemeforge/frontend/node_modules/vite/dist/node/chunks/dep-BK3b2jBa.js:64366:7)
      at async PluginContainer.transform (file:///Users/revtiramantripathi/Desktop/untitled%20folder%205/aimemeforge/frontend/node_modules/vite/dist/node/chunks/dep-BK3b2jBa.js:49099:18)
      at async loadAndTransform (file:///Users/revtiramantripathi/Desktop/untitled%20folder%205/aimemeforge/frontend/node_modules/vite/dist/node/chunks/dep-BK3b2jBa.js:51978:27)
      at async viteTransformMiddleware (file:///Users/revtiramantripathi/Desktop/untitled%20folder%205/aimemeforge/frontend/node_modules/vite/dist/node/chunks/dep-BK3b2jBa.js:62106:24)
2:26:50 AM [vite] Internal server error: Failed to resolve import "../context/AuthContext" from "src/components/auth/LoginPage.jsx". Does the file exist?
  Plugin: vite:import-analysis
  File: /Users/revtiramantripathi/Desktop/untitled folder 5/aimemeforge/frontend/src/components/auth/LoginPage.jsx:3:24
  18 |  import { GoogleLogin } from "@react-oauth/google";
  19 |  import { jwtDecode } from "jwt-decode";
  20 |  import { useAuth } from "../context/AuthContext";
     |                           ^
  21 |  import axios from "axios";
  22 |  import { motion } from "framer-motion";
      at TransformPluginContext._formatError (file:///Users/revtiramantripathi/Desktop/untitled%20folder%205/aimemeforge/frontend/node_modules/vite/dist/node/chunks/dep-BK3b2jBa.js:49258:41)
      at TransformPluginContext.error (file:///Users/revtiramantripathi/Desktop/untitled%20folder%205/aimemeforge/frontend/node_modules/vite/dist/node/chunks/dep-BK3b2jBa.js:49253:16)
      at normalizeUrl (file:///Users/revtiramantripathi/Desktop/untitled%20folder%205/aimemeforge/frontend/node_modules/vite/dist/node/chunks/dep-BK3b2jBa.js:64307:23)
      at process.processTicksAndRejections (node:internal/process/task_queues:95:5)
      at async file:///Users/revtiramantripathi/Desktop/untitled%20folder%205/aimemeforge/frontend/node_modules/vite/dist/node/chunks/dep-BK3b2jBa.js:64439:39
      at async Promise.all (index 5)
      at async TransformPluginContext.transform (file:///Users/revtiramantripathi/Desktop/untitled%20folder%205/aimemeforge/frontend/node_modules/vite/dist/node/chunks/dep-BK3b2jBa.js:64366:7)
      at async PluginContainer.transform (file:///Users/revtiramantripathi/Desktop/untitled%20folder%205/aimemeforge/frontend/node_modules/vite/dist/node/chunks/dep-BK3b2jBa.js:49099:18)
      at async loadAndTransform (file:///Users/revtiramantripathi/Desktop/untitled%20folder%205/aimemeforge/frontend/node_modules/vite/dist/node/chunks/dep-BK3b2jBa.js:51978:27)
      at async viteTransformMiddleware (file:///Users/revtiramantripathi/Desktop/untitled%20folder%205/aimemeforge/frontend/node_modules/vite/dist/node/chunks/dep-BK3b2jBa.js:62106:24)
2:26:50 AM [vite] Internal server error: Failed to resolve import "../context/AuthContext" from "src/components/dashboard/UserDashboard.jsx". Does the file exist?
  Plugin: vite:import-analysis
  File: /Users/revtiramantripathi/Desktop/untitled folder 5/aimemeforge/frontend/src/components/dashboard/UserDashboard.jsx:3:24
  18 |  import { useState, useEffect } from "react";
  19 |  import { motion } from "framer-motion";
  20 |  import { useAuth } from "../context/AuthContext";
     |                           ^
  21 |  import axios from "axios";
  22 |  const API_BASE = import.meta.env.VITE_API_BASE || "http://localhost:8000";
      at TransformPluginContext._formatError (file:///Users/revtiramantripathi/Desktop/untitled%20folder%205/aimemeforge/frontend/node_modules/vite/dist/node/chunks/dep-BK3b2jBa.js:49258:41)
      at TransformPluginContext.error (file:///Users/revtiramantripathi/Desktop/untitled%20folder%205/aimemeforge/frontend/node_modules/vite/dist/node/chunks/dep-BK3b2jBa.js:49253:16)
      at normalizeUrl (file:///Users/revtiramantripathi/Desktop/untitled%20folder%205/aimemeforge/frontend/node_modules/vite/dist/node/chunks/dep-BK3b2jBa.js:64307:23)
      at process.processTicksAndRejections (node:internal/process/task_queues:95:5)
      at async file:///Users/revtiramantripathi/Desktop/untitled%20folder%205/aimemeforge/frontend/node_modules/vite/dist/node/chunks/dep-BK3b2jBa.js:64439:39
      at async Promise.all (index 5)
      at async TransformPluginContext.transform (file:///Users/revtiramantripathi/Desktop/untitled%20folder%205/aimemeforge/frontend/node_modules/vite/dist/node/chunks/dep-BK3b2jBa.js:64366:7)
      at async PluginContainer.transform (file:///Users/revtiramantripathi/Desktop/untitled%20folder%205/aimemeforge/frontend/node_modules/vite/dist/node/chunks/dep-BK3b2jBa.js:49099:18)
      at async loadAndTransform (file:///Users/revtiramantripathi/Desktop/untitled%20folder%205/aimemeforge/frontend/node_modules/vite/dist/node/chunks/dep-BK3b2jBa.js:51978:27)
      at async viteTransformMiddleware (file:///Users/revtiramantripathi/Desktop/untitled%20folder%205/aimemeforge/frontend/node_modules/vite/dist/node/chunks/dep-BK3b2jBa.js:62106:24)
2:26:50 AM [vite] Internal server error: Failed to resolve import "../context/AuthContext" from "src/components/auth/LoginPage.jsx". Does the file exist?
  Plugin: vite:import-analysis
  File: /Users/revtiramantripathi/Desktop/untitled folder 5/aimemeforge/frontend/src/components/auth/LoginPage.jsx:3:24
  18 |  import { GoogleLogin } from "@react-oauth/google";
  19 |  import { jwtDecode } from "jwt-decode";
  20 |  import { useAuth } from "../context/AuthContext";
     |                           ^
  21 |  import axios from "axios";
  22 |  import { motion } from "framer-motion";
      at TransformPluginContext._formatError (file:///Users/revtiramantripathi/Desktop/untitled%20folder%205/aimemeforge/frontend/node_modules/vite/dist/node/chunks/dep-BK3b2jBa.js:49258:41)
      at TransformPluginContext.error (file:///Users/revtiramantripathi/Desktop/untitled%20folder%205/aimemeforge/frontend/node_modules/vite/dist/node/chunks/dep-BK3b2jBa.js:49253:16)
      at normalizeUrl (file:///Users/revtiramantripathi/Desktop/untitled%20folder%205/aimemeforge/frontend/node_modules/vite/dist/node/chunks/dep-BK3b2jBa.js:64307:23)
      at process.processTicksAndRejections (node:internal/process/task_queues:95:5)
      at async file:///Users/revtiramantripathi/Desktop/untitled%20folder%205/aimemeforge/frontend/node_modules/vite/dist/node/chunks/dep-BK3b2jBa.js:64439:39
      at async Promise.all (index 5)
      at async TransformPluginContext.transform (file:///Users/revtiramantripathi/Desktop/untitled%20folder%205/aimemeforge/frontend/node_modules/vite/dist/node/chunks/dep-BK3b2jBa.js:64366:7)
      at async PluginContainer.transform (file:///Users/revtiramantripathi/Desktop/untitled%20folder%205/aimemeforge/frontend/node_modules/vite/dist/node/chunks/dep-BK3b2jBa.js:49099:18)
      at async loadAndTransform (file:///Users/revtiramantripathi/Desktop/untitled%20folder%205/aimemeforge/frontend/node_modules/vite/dist/node/chunks/dep-BK3b2jBa.js:51978:27)
      at async viteTransformMiddleware (file:///Users/revtiramantripathi/Desktop/untitled%20folder%205/aimemeforge/frontend/node_modules/vite/dist/node/chunks/dep-BK3b2jBa.js:62106:24)
2:26:50 AM [vite] Internal server error: Failed to resolve import "../context/AuthContext" from "src/components/dashboard/UserDashboard.jsx". Does the file exist?
  Plugin: vite:import-analysis
  File: /Users/revtiramantripathi/Desktop/untitled folder 5/aimemeforge/frontend/src/components/dashboard/UserDashboard.jsx:3:24
  18 |  import { useState, useEffect } from "react";
  19 |  import { motion } from "framer-motion";
  20 |  import { useAuth } from "../context/AuthContext";
     |                           ^
  21 |  import axios from "axios";
  22 |  const API_BASE = import.meta.env.VITE_API_BASE || "http://localhost:8000";
      at TransformPluginContext._formatError (file:///Users/revtiramantripathi/Desktop/untitled%20folder%205/aimemeforge/frontend/node_modules/vite/dist/node/chunks/dep-BK3b2jBa.js:49258:41)
      at TransformPluginContext.error (file:///Users/revtiramantripathi/Desktop/untitled%20folder%205/aimemeforge/frontend/node_modules/vite/dist/node/chunks/dep-BK3b2jBa.js:49253:16)
      at normalizeUrl (file:///Users/revtiramantripathi/Desktop/untitled%20folder%205/aimemeforge/frontend/node_modules/vite/dist/node/chunks/dep-BK3b2jBa.js:64307:23)
      at process.processTicksAndRejections (node:internal/process/task_queues:95:5)
      at async file:///Users/revtiramantripathi/Desktop/untitled%20folder%205/aimemeforge/frontend/node_modules/vite/dist/node/chunks/dep-BK3b2jBa.js:64439:39
      at async Promise.all (index 5)
      at async TransformPluginContext.transform (file:///Users/revtiramantripathi/Desktop/untitled%20folder%205/aimemeforge/frontend/node_modules/vite/dist/node/chunks/dep-BK3b2jBa.js:64366:7)
      at async PluginContainer.transform (file:///Users/revtiramantripathi/Desktop/untitled%20folder%205/aimemeforge/frontend/node_modules/vite/dist/node/chunks/dep-BK3b2jBa.js:49099:18)
      at async loadAndTransform (file:///Users/revtiramantripathi/Desktop/untitled%20folder%205/aimemeforge/frontend/node_modules/vite/dist/node/chunks/dep-BK3b2jBa.js:51978:27)
      at async viteTransformMiddleware (file:///Users/revtiramantripathi/Desktop/untitled%20folder%205/aimemeforge/frontend/node_modules/vite/dist/node/chunks/dep-BK3b2jBa.js:62106:24)
2:30:32 AM [vite] .env changed, restarting server...
2:30:33 AM [vite] hmr update /src/index.css, /src/App.jsx
2:30:33 AM [vite] server restarted.
2:30:33 AM [vite] Internal server error: Failed to resolve import "../context/AuthContext" from "src/components/auth/LoginPage.jsx". Does the file exist?
  Plugin: vite:import-analysis
  File: /Users/revtiramantripathi/Desktop/untitled folder 5/aimemeforge/frontend/src/components/auth/LoginPage.jsx:3:24
  18 |  import { GoogleLogin } from "@react-oauth/google";
  19 |  import { jwtDecode } from "jwt-decode";
  20 |  import { useAuth } from "../context/AuthContext";
     |                           ^
  21 |  import axios from "axios";
  22 |  import { motion } from "framer-motion";
      at TransformPluginContext._formatError (file:///Users/revtiramantripathi/Desktop/untitled%20folder%205/aimemeforge/frontend/node_modules/vite/dist/node/chunks/dep-BK3b2jBa.js:49258:41)
      at TransformPluginContext.error (file:///Users/revtiramantripathi/Desktop/untitled%20folder%205/aimemeforge/frontend/node_modules/vite/dist/node/chunks/dep-BK3b2jBa.js:49253:16)
      at normalizeUrl (file:///Users/revtiramantripathi/Desktop/untitled%20folder%205/aimemeforge/frontend/node_modules/vite/dist/node/chunks/dep-BK3b2jBa.js:64307:23)
      at process.processTicksAndRejections (node:internal/process/task_queues:95:5)
      at async file:///Users/revtiramantripathi/Desktop/untitled%20folder%205/aimemeforge/frontend/node_modules/vite/dist/node/chunks/dep-BK3b2jBa.js:64439:39
      at async Promise.all (index 5)
      at async TransformPluginContext.transform (file:///Users/revtiramantripathi/Desktop/untitled%20folder%205/aimemeforge/frontend/node_modules/vite/dist/node/chunks/dep-BK3b2jBa.js:64366:7)
      at async PluginContainer.transform (file:///Users/revtiramantripathi/Desktop/untitled%20folder%205/aimemeforge/frontend/node_modules/vite/dist/node/chunks/dep-BK3b2jBa.js:49099:18)
      at async loadAndTransform (file:///Users/revtiramantripathi/Desktop/untitled%20folder%205/aimemeforge/frontend/node_modules/vite/dist/node/chunks/dep-BK3b2jBa.js:51978:27)
2:30:33 AM [vite] Pre-transform error: Failed to resolve import "../context/AuthContext" from "src/components/auth/LoginPage.jsx". Does the file exist?
2:30:33 AM [vite] Internal server error: Failed to resolve import "../context/AuthContext" from "src/components/dashboard/UserDashboard.jsx". Does the file exist?
  Plugin: vite:import-analysis
  File: /Users/revtiramantripathi/Desktop/untitled folder 5/aimemeforge/frontend/src/components/dashboard/UserDashboard.jsx:3:24
  18 |  import { useState, useEffect } from "react";
  19 |  import { motion } from "framer-motion";
  20 |  import { useAuth } from "../context/AuthContext";
     |                           ^
  21 |  import axios from "axios";
  22 |  const API_BASE = import.meta.env.VITE_API_BASE || "http://localhost:8000";
      at TransformPluginContext._formatError (file:///Users/revtiramantripathi/Desktop/untitled%20folder%205/aimemeforge/frontend/node_modules/vite/dist/node/chunks/dep-BK3b2jBa.js:49258:41)
      at TransformPluginContext.error (file:///Users/revtiramantripathi/Desktop/untitled%20folder%205/aimemeforge/frontend/node_modules/vite/dist/node/chunks/dep-BK3b2jBa.js:49253:16)
      at normalizeUrl (file:///Users/revtiramantripathi/Desktop/untitled%20folder%205/aimemeforge/frontend/node_modules/vite/dist/node/chunks/dep-BK3b2jBa.js:64307:23)
      at process.processTicksAndRejections (node:internal/process/task_queues:95:5)
      at async file:///Users/revtiramantripathi/Desktop/untitled%20folder%205/aimemeforge/frontend/node_modules/vite/dist/node/chunks/dep-BK3b2jBa.js:64439:39
      at async Promise.all (index 5)
      at async TransformPluginContext.transform (file:///Users/revtiramantripathi/Desktop/untitled%20folder%205/aimemeforge/frontend/node_modules/vite/dist/node/chunks/dep-BK3b2jBa.js:64366:7)
      at async PluginContainer.transform (file:///Users/revtiramantripathi/Desktop/untitled%20folder%205/aimemeforge/frontend/node_modules/vite/dist/node/chunks/dep-BK3b2jBa.js:49099:18)
      at async loadAndTransform (file:///Users/revtiramantripathi/Desktop/untitled%20folder%205/aimemeforge/frontend/node_modules/vite/dist/node/chunks/dep-BK3b2jBa.js:51978:27)
2:30:33 AM [vite] Pre-transform error: Failed to resolve import "../context/AuthContext" from "src/components/dashboard/UserDashboard.jsx". Does the file exist?
2:30:49 AM [vite] hmr update /src/index.css, /src/App.jsx
2:30:49 AM [vite] hmr update /src/index.css, /src/App.jsx
2:30:49 AM [vite] hmr update /src/App.jsx, /src/index.css
2:30:49 AM [vite] hmr update /src/components/layout/AppHeader.jsx, /src/index.css
2:30:49 AM [vite] .env changed, restarting server...
2:30:49 AM [vite] Internal server error: Failed to resolve import "../context/AuthContext" from "src/components/dashboard/UserDashboard.jsx". Does the file exist?
  Plugin: vite:import-analysis
  File: /Users/revtiramantripathi/Desktop/untitled folder 5/aimemeforge/frontend/src/components/dashboard/UserDashboard.jsx:3:24
  18 |  import { useState, useEffect } from "react";
  19 |  import { motion } from "framer-motion";
  20 |  import { useAuth } from "../context/AuthContext";
     |                           ^
  21 |  import axios from "axios";
  22 |  const API_BASE = import.meta.env.VITE_API_BASE || "http://localhost:8000";
      at TransformPluginContext._formatError (file:///Users/revtiramantripathi/Desktop/untitled%20folder%205/aimemeforge/frontend/node_modules/vite/dist/node/chunks/dep-BK3b2jBa.js:49258:41)
      at TransformPluginContext.error (file:///Users/revtiramantripathi/Desktop/untitled%20folder%205/aimemeforge/frontend/node_modules/vite/dist/node/chunks/dep-BK3b2jBa.js:49253:16)
      at normalizeUrl (file:///Users/revtiramantripathi/Desktop/untitled%20folder%205/aimemeforge/frontend/node_modules/vite/dist/node/chunks/dep-BK3b2jBa.js:64307:23)
      at process.processTicksAndRejections (node:internal/process/task_queues:95:5)
      at async file:///Users/revtiramantripathi/Desktop/untitled%20folder%205/aimemeforge/frontend/node_modules/vite/dist/node/chunks/dep-BK3b2jBa.js:64439:39
      at async Promise.all (index 5)
      at async TransformPluginContext.transform (file:///Users/revtiramantripathi/Desktop/untitled%20folder%205/aimemeforge/frontend/node_modules/vite/dist/node/chunks/dep-BK3b2jBa.js:64366:7)
      at async PluginContainer.transform (file:///Users/revtiramantripathi/Desktop/untitled%20folder%205/aimemeforge/frontend/node_modules/vite/dist/node/chunks/dep-BK3b2jBa.js:49099:18)
      at async loadAndTransform (file:///Users/revtiramantripathi/Desktop/untitled%20folder%205/aimemeforge/frontend/node_modules/vite/dist/node/chunks/dep-BK3b2jBa.js:51978:27)
      at async viteTransformMiddleware (file:///Users/revtiramantripathi/Desktop/untitled%20folder%205/aimemeforge/frontend/node_modules/vite/dist/node/chunks/dep-BK3b2jBa.js:62106:24)
2:30:49 AM [vite] Internal server error: Failed to resolve import "../context/AuthContext" from "src/components/auth/LoginPage.jsx". Does the file exist?
  Plugin: vite:import-analysis
  File: /Users/revtiramantripathi/Desktop/untitled folder 5/aimemeforge/frontend/src/components/auth/LoginPage.jsx:3:24
  18 |  import { GoogleLogin } from "@react-oauth/google";
  19 |  import { jwtDecode } from "jwt-decode";
  20 |  import { useAuth } from "../context/AuthContext";
     |                           ^
  21 |  import axios from "axios";
  22 |  import { motion } from "framer-motion";
      at TransformPluginContext._formatError (file:///Users/revtiramantripathi/Desktop/untitled%20folder%205/aimemeforge/frontend/node_modules/vite/dist/node/chunks/dep-BK3b2jBa.js:49258:41)
      at TransformPluginContext.error (file:///Users/revtiramantripathi/Desktop/untitled%20folder%205/aimemeforge/frontend/node_modules/vite/dist/node/chunks/dep-BK3b2jBa.js:49253:16)
      at normalizeUrl (file:///Users/revtiramantripathi/Desktop/untitled%20folder%205/aimemeforge/frontend/node_modules/vite/dist/node/chunks/dep-BK3b2jBa.js:64307:23)
      at process.processTicksAndRejections (node:internal/process/task_queues:95:5)
      at async file:///Users/revtiramantripathi/Desktop/untitled%20folder%205/aimemeforge/frontend/node_modules/vite/dist/node/chunks/dep-BK3b2jBa.js:64439:39
      at async Promise.all (index 5)
      at async TransformPluginContext.transform (file:///Users/revtiramantripathi/Desktop/untitled%20folder%205/aimemeforge/frontend/node_modules/vite/dist/node/chunks/dep-BK3b2jBa.js:64366:7)
      at async PluginContainer.transform (file:///Users/revtiramantripathi/Desktop/untitled%20folder%205/aimemeforge/frontend/node_modules/vite/dist/node/chunks/dep-BK3b2jBa.js:49099:18)
      at async loadAndTransform (file:///Users/revtiramantripathi/Desktop/untitled%20folder%205/aimemeforge/frontend/node_modules/vite/dist/node/chunks/dep-BK3b2jBa.js:51978:27)
      at async viteTransformMiddleware (file:///Users/revtiramantripathi/Desktop/untitled%20folder%205/aimemeforge/frontend/node_modules/vite/dist/node/chunks/dep-BK3b2jBa.js:62106:24)
2:30:49 AM [vite] server restarted.
2:31:08 AM [vite] Internal server error: Failed to resolve import "../context/AuthContext" from "src/components/auth/LoginPage.jsx". Does the file exist?
  Plugin: vite:import-analysis
  File: /Users/revtiramantripathi/Desktop/untitled folder 5/aimemeforge/frontend/src/components/auth/LoginPage.jsx:3:24
  18 |  import { GoogleLogin } from "@react-oauth/google";
  19 |  import { jwtDecode } from "jwt-decode";
  20 |  import { useAuth } from "../context/AuthContext";
     |                           ^
  21 |  import axios from "axios";
  22 |  import { motion } from "framer-motion";
      at TransformPluginContext._formatError (file:///Users/revtiramantripathi/Desktop/untitled%20folder%205/aimemeforge/frontend/node_modules/vite/dist/node/chunks/dep-BK3b2jBa.js:49258:41)
      at TransformPluginContext.error (file:///Users/revtiramantripathi/Desktop/untitled%20folder%205/aimemeforge/frontend/node_modules/vite/dist/node/chunks/dep-BK3b2jBa.js:49253:16)
      at normalizeUrl (file:///Users/revtiramantripathi/Desktop/untitled%20folder%205/aimemeforge/frontend/node_modules/vite/dist/node/chunks/dep-BK3b2jBa.js:64307:23)
      at process.processTicksAndRejections (node:internal/process/task_queues:95:5)
      at async file:///Users/revtiramantripathi/Desktop/untitled%20folder%205/aimemeforge/frontend/node_modules/vite/dist/node/chunks/dep-BK3b2jBa.js:64439:39
      at async Promise.all (index 5)
      at async TransformPluginContext.transform (file:///Users/revtiramantripathi/Desktop/untitled%20folder%205/aimemeforge/frontend/node_modules/vite/dist/node/chunks/dep-BK3b2jBa.js:64366:7)
      at async PluginContainer.transform (file:///Users/revtiramantripathi/Desktop/untitled%20folder%205/aimemeforge/frontend/node_modules/vite/dist/node/chunks/dep-BK3b2jBa.js:49099:18)
      at async loadAndTransform (file:///Users/revtiramantripathi/Desktop/untitled%20folder%205/aimemeforge/frontend/node_modules/vite/dist/node/chunks/dep-BK3b2jBa.js:51978:27)
2:31:08 AM [vite] Pre-transform error: Failed to resolve import "../context/AuthContext" from "src/components/auth/LoginPage.jsx". Does the file exist?
2:31:08 AM [vite] Internal server error: Failed to resolve import "../context/AuthContext" from "src/components/dashboard/UserDashboard.jsx". Does the file exist?
  Plugin: vite:import-analysis
  File: /Users/revtiramantripathi/Desktop/untitled folder 5/aimemeforge/frontend/src/components/dashboard/UserDashboard.jsx:3:24
  18 |  import { useState, useEffect } from "react";
  19 |  import { motion } from "framer-motion";
  20 |  import { useAuth } from "../context/AuthContext";
     |                           ^
  21 |  import axios from "axios";
  22 |  const API_BASE = import.meta.env.VITE_API_BASE || "http://localhost:8000";
      at TransformPluginContext._formatError (file:///Users/revtiramantripathi/Desktop/untitled%20folder%205/aimemeforge/frontend/node_modules/vite/dist/node/chunks/dep-BK3b2jBa.js:49258:41)
      at TransformPluginContext.error (file:///Users/revtiramantripathi/Desktop/untitled%20folder%205/aimemeforge/frontend/node_modules/vite/dist/node/chunks/dep-BK3b2jBa.js:49253:16)
      at normalizeUrl (file:///Users/revtiramantripathi/Desktop/untitled%20folder%205/aimemeforge/frontend/node_modules/vite/dist/node/chunks/dep-BK3b2jBa.js:64307:23)
      at process.processTicksAndRejections (node:internal/process/task_queues:95:5)
      at async file:///Users/revtiramantripathi/Desktop/untitled%20folder%205/aimemeforge/frontend/node_modules/vite/dist/node/chunks/dep-BK3b2jBa.js:64439:39
      at async Promise.all (index 5)
      at async TransformPluginContext.transform (file:///Users/revtiramantripathi/Desktop/untitled%20folder%205/aimemeforge/frontend/node_modules/vite/dist/node/chunks/dep-BK3b2jBa.js:64366:7)
      at async PluginContainer.transform (file:///Users/revtiramantripathi/Desktop/untitled%20folder%205/aimemeforge/frontend/node_modules/vite/dist/node/chunks/dep-BK3b2jBa.js:49099:18)
      at async loadAndTransform (file:///Users/revtiramantripathi/Desktop/untitled%20folder%205/aimemeforge/frontend/node_modules/vite/dist/node/chunks/dep-BK3b2jBa.js:51978:27)
2:31:08 AM [vite] Pre-transform error: Failed to resolve import "../context/AuthContext" from "src/components/dashboard/UserDashboard.jsx". Does the file exist?
2:31:09 AM [vite] Internal server error: Failed to resolve import "../context/AuthContext" from "src/components/auth/LoginPage.jsx". Does the file exist?
  Plugin: vite:import-analysis
  File: /Users/revtiramantripathi/Desktop/untitled folder 5/aimemeforge/frontend/src/components/auth/LoginPage.jsx:3:24
  18 |  import { GoogleLogin } from "@react-oauth/google";
  19 |  import { jwtDecode } from "jwt-decode";
  20 |  import { useAuth } from "../context/AuthContext";
     |                           ^
  21 |  import axios from "axios";
  22 |  import { motion } from "framer-motion";
      at TransformPluginContext._formatError (file:///Users/revtiramantripathi/Desktop/untitled%20folder%205/aimemeforge/frontend/node_modules/vite/dist/node/chunks/dep-BK3b2jBa.js:49258:41)
      at TransformPluginContext.error (file:///Users/revtiramantripathi/Desktop/untitled%20folder%205/aimemeforge/frontend/node_modules/vite/dist/node/chunks/dep-BK3b2jBa.js:49253:16)
      at normalizeUrl (file:///Users/revtiramantripathi/Desktop/untitled%20folder%205/aimemeforge/frontend/node_modules/vite/dist/node/chunks/dep-BK3b2jBa.js:64307:23)
      at process.processTicksAndRejections (node:internal/process/task_queues:95:5)
      at async file:///Users/revtiramantripathi/Desktop/untitled%20folder%205/aimemeforge/frontend/node_modules/vite/dist/node/chunks/dep-BK3b2jBa.js:64439:39
      at async Promise.all (index 5)
      at async TransformPluginContext.transform (file:///Users/revtiramantripathi/Desktop/untitled%20folder%205/aimemeforge/frontend/node_modules/vite/dist/node/chunks/dep-BK3b2jBa.js:64366:7)
      at async PluginContainer.transform (file:///Users/revtiramantripathi/Desktop/untitled%20folder%205/aimemeforge/frontend/node_modules/vite/dist/node/chunks/dep-BK3b2jBa.js:49099:18)
      at async loadAndTransform (file:///Users/revtiramantripathi/Desktop/untitled%20folder%205/aimemeforge/frontend/node_modules/vite/dist/node/chunks/dep-BK3b2jBa.js:51978:27)
      at async viteTransformMiddleware (file:///Users/revtiramantripathi/Desktop/untitled%20folder%205/aimemeforge/frontend/node_modules/vite/dist/node/chunks/dep-BK3b2jBa.js:62106:24)
2:31:09 AM [vite] Internal server error: Failed to resolve import "../context/AuthContext" from "src/components/dashboard/UserDashboard.jsx". Does the file exist?
  Plugin: vite:import-analysis
  File: /Users/revtiramantripathi/Desktop/untitled folder 5/aimemeforge/frontend/src/components/dashboard/UserDashboard.jsx:3:24
  18 |  import { useState, useEffect } from "react";
  19 |  import { motion } from "framer-motion";
  20 |  import { useAuth } from "../context/AuthContext";
     |                           ^
  21 |  import axios from "axios";
  22 |  const API_BASE = import.meta.env.VITE_API_BASE || "http://localhost:8000";
      at TransformPluginContext._formatError (file:///Users/revtiramantripathi/Desktop/untitled%20folder%205/aimemeforge/frontend/node_modules/vite/dist/node/chunks/dep-BK3b2jBa.js:49258:41)
      at TransformPluginContext.error (file:///Users/revtiramantripathi/Desktop/untitled%20folder%205/aimemeforge/frontend/node_modules/vite/dist/node/chunks/dep-BK3b2jBa.js:49253:16)
      at normalizeUrl (file:///Users/revtiramantripathi/Desktop/untitled%20folder%205/aimemeforge/frontend/node_modules/vite/dist/node/chunks/dep-BK3b2jBa.js:64307:23)
      at process.processTicksAndRejections (node:internal/process/task_queues:95:5)
      at async file:///Users/revtiramantripathi/Desktop/untitled%20folder%205/aimemeforge/frontend/node_modules/vite/dist/node/chunks/dep-BK3b2jBa.js:64439:39
      at async Promise.all (index 5)
      at async TransformPluginContext.transform (file:///Users/revtiramantripathi/Desktop/untitled%20folder%205/aimemeforge/frontend/node_modules/vite/dist/node/chunks/dep-BK3b2jBa.js:64366:7)
      at async PluginContainer.transform (file:///Users/revtiramantripathi/Desktop/untitled%20folder%205/aimemeforge/frontend/node_modules/vite/dist/node/chunks/dep-BK3b2jBa.js:49099:18)
      at async loadAndTransform (file:///Users/revtiramantripathi/Desktop/untitled%20folder%205/aimemeforge/frontend/node_modules/vite/dist/node/chunks/dep-BK3b2jBa.js:51978:27)
      at async viteTransformMiddleware (file:///Users/revtiramantripathi/Desktop/untitled%20folder%205/aimemeforge/frontend/node_modules/vite/dist/node/chunks/dep-BK3b2jBa.js:62106:24)
2:31:10 AM [vite] Internal server error: Failed to resolve import "../context/AuthContext" from "src/components/auth/LoginPage.jsx". Does the file exist?
  Plugin: vite:import-analysis
  File: /Users/revtiramantripathi/Desktop/untitled folder 5/aimemeforge/frontend/src/components/auth/LoginPage.jsx:3:24
  18 |  import { GoogleLogin } from "@react-oauth/google";
  19 |  import { jwtDecode } from "jwt-decode";
  20 |  import { useAuth } from "../context/AuthContext";
     |                           ^
  21 |  import axios from "axios";
  22 |  import { motion } from "framer-motion";
      at TransformPluginContext._formatError (file:///Users/revtiramantripathi/Desktop/untitled%20folder%205/aimemeforge/frontend/node_modules/vite/dist/node/chunks/dep-BK3b2jBa.js:49258:41)
      at TransformPluginContext.error (file:///Users/revtiramantripathi/Desktop/untitled%20folder%205/aimemeforge/frontend/node_modules/vite/dist/node/chunks/dep-BK3b2jBa.js:49253:16)
      at normalizeUrl (file:///Users/revtiramantripathi/Desktop/untitled%20folder%205/aimemeforge/frontend/node_modules/vite/dist/node/chunks/dep-BK3b2jBa.js:64307:23)
      at process.processTicksAndRejections (node:internal/process/task_queues:95:5)
      at async file:///Users/revtiramantripathi/Desktop/untitled%20folder%205/aimemeforge/frontend/node_modules/vite/dist/node/chunks/dep-BK3b2jBa.js:64439:39
      at async Promise.all (index 5)
      at async TransformPluginContext.transform (file:///Users/revtiramantripathi/Desktop/untitled%20folder%205/aimemeforge/frontend/node_modules/vite/dist/node/chunks/dep-BK3b2jBa.js:64366:7)
      at async PluginContainer.transform (file:///Users/revtiramantripathi/Desktop/untitled%20folder%205/aimemeforge/frontend/node_modules/vite/dist/node/chunks/dep-BK3b2jBa.js:49099:18)
      at async loadAndTransform (file:///Users/revtiramantripathi/Desktop/untitled%20folder%205/aimemeforge/frontend/node_modules/vite/dist/node/chunks/dep-BK3b2jBa.js:51978:27)
      at async viteTransformMiddleware (file:///Users/revtiramantripathi/Desktop/untitled%20folder%205/aimemeforge/frontend/node_modules/vite/dist/node/chunks/dep-BK3b2jBa.js:62106:24)
2:31:10 AM [vite] Internal server error: Failed to resolve import "../context/AuthContext" from "src/components/dashboard/UserDashboard.jsx". Does the file exist?
  Plugin: vite:import-analysis
  File: /Users/revtiramantripathi/Desktop/untitled folder 5/aimemeforge/frontend/src/components/dashboard/UserDashboard.jsx:3:24
  18 |  import { useState, useEffect } from "react";
  19 |  import { motion } from "framer-motion";
  20 |  import { useAuth } from "../context/AuthContext";
     |                           ^
  21 |  import axios from "axios";
  22 |  const API_BASE = import.meta.env.VITE_API_BASE || "http://localhost:8000";
      at TransformPluginContext._formatError (file:///Users/revtiramantripathi/Desktop/untitled%20folder%205/aimemeforge/frontend/node_modules/vite/dist/node/chunks/dep-BK3b2jBa.js:49258:41)
      at TransformPluginContext.error (file:///Users/revtiramantripathi/Desktop/untitled%20folder%205/aimemeforge/frontend/node_modules/vite/dist/node/chunks/dep-BK3b2jBa.js:49253:16)
      at normalizeUrl (file:///Users/revtiramantripathi/Desktop/untitled%20folder%205/aimemeforge/frontend/node_modules/vite/dist/node/chunks/dep-BK3b2jBa.js:64307:23)
      at process.processTicksAndRejections (node:internal/process/task_queues:95:5)
      at async file:///Users/revtiramantripathi/Desktop/untitled%20folder%205/aimemeforge/frontend/node_modules/vite/dist/node/chunks/dep-BK3b2jBa.js:64439:39
      at async Promise.all (index 5)
      at async TransformPluginContext.transform (file:///Users/revtiramantripathi/Desktop/untitled%20folder%205/aimemeforge/frontend/node_modules/vite/dist/node/chunks/dep-BK3b2jBa.js:64366:7)
      at async PluginContainer.transform (file:///Users/revtiramantripathi/Desktop/untitled%20folder%205/aimemeforge/frontend/node_modules/vite/dist/node/chunks/dep-BK3b2jBa.js:49099:18)
      at async loadAndTransform (file:///Users/revtiramantripathi/Desktop/untitled%20folder%205/aimemeforge/frontend/node_modules/vite/dist/node/chunks/dep-BK3b2jBa.js:51978:27)
      at async viteTransformMiddleware (file:///Users/revtiramantripathi/Desktop/untitled%20folder%205/aimemeforge/frontend/node_modules/vite/dist/node/chunks/dep-BK3b2jBa.js:62106:24)
2:31:56 AM [vite] Internal server error: Failed to resolve import "../context/AuthContext" from "src/components/dashboard/UserDashboard.jsx". Does the file exist?
  Plugin: vite:import-analysis
  File: /Users/revtiramantripathi/Desktop/untitled folder 5/aimemeforge/frontend/src/components/dashboard/UserDashboard.jsx:3:24
  18 |  import { useState, useEffect } from "react";
  19 |  import { motion } from "framer-motion";
  20 |  import { useAuth } from "../context/AuthContext";
     |                           ^
  21 |  import axios from "axios";
  22 |  const API_BASE = import.meta.env.VITE_API_BASE || "http://localhost:8000";
      at TransformPluginContext._formatError (file:///Users/revtiramantripathi/Desktop/untitled%20folder%205/aimemeforge/frontend/node_modules/vite/dist/node/chunks/dep-BK3b2jBa.js:49258:41)
      at TransformPluginContext.error (file:///Users/revtiramantripathi/Desktop/untitled%20folder%205/aimemeforge/frontend/node_modules/vite/dist/node/chunks/dep-BK3b2jBa.js:49253:16)
      at normalizeUrl (file:///Users/revtiramantripathi/Desktop/untitled%20folder%205/aimemeforge/frontend/node_modules/vite/dist/node/chunks/dep-BK3b2jBa.js:64307:23)
      at process.processTicksAndRejections (node:internal/process/task_queues:95:5)
      at async file:///Users/revtiramantripathi/Desktop/untitled%20folder%205/aimemeforge/frontend/node_modules/vite/dist/node/chunks/dep-BK3b2jBa.js:64439:39
      at async Promise.all (index 5)
      at async TransformPluginContext.transform (file:///Users/revtiramantripathi/Desktop/untitled%20folder%205/aimemeforge/frontend/node_modules/vite/dist/node/chunks/dep-BK3b2jBa.js:64366:7)
      at async PluginContainer.transform (file:///Users/revtiramantripathi/Desktop/untitled%20folder%205/aimemeforge/frontend/node_modules/vite/dist/node/chunks/dep-BK3b2jBa.js:49099:18)
      at async loadAndTransform (file:///Users/revtiramantripathi/Desktop/untitled%20folder%205/aimemeforge/frontend/node_modules/vite/dist/node/chunks/dep-BK3b2jBa.js:51978:27)
      at async viteTransformMiddleware (file:///Users/revtiramantripathi/Desktop/untitled%20folder%205/aimemeforge/frontend/node_modules/vite/dist/node/chunks/dep-BK3b2jBa.js:62106:24)
2:31:56 AM [vite] Internal server error: Failed to resolve import "../context/AuthContext" from "src/components/auth/LoginPage.jsx". Does the file exist?
  Plugin: vite:import-analysis
  File: /Users/revtiramantripathi/Desktop/untitled folder 5/aimemeforge/frontend/src/components/auth/LoginPage.jsx:3:24
  18 |  import { GoogleLogin } from "@react-oauth/google";
  19 |  import { jwtDecode } from "jwt-decode";
  20 |  import { useAuth } from "../context/AuthContext";
     |                           ^
  21 |  import axios from "axios";
  22 |  import { motion } from "framer-motion";
      at TransformPluginContext._formatError (file:///Users/revtiramantripathi/Desktop/untitled%20folder%205/aimemeforge/frontend/node_modules/vite/dist/node/chunks/dep-BK3b2jBa.js:49258:41)
      at TransformPluginContext.error (file:///Users/revtiramantripathi/Desktop/untitled%20folder%205/aimemeforge/frontend/node_modules/vite/dist/node/chunks/dep-BK3b2jBa.js:49253:16)
      at normalizeUrl (file:///Users/revtiramantripathi/Desktop/untitled%20folder%205/aimemeforge/frontend/node_modules/vite/dist/node/chunks/dep-BK3b2jBa.js:64307:23)
      at process.processTicksAndRejections (node:internal/process/task_queues:95:5)
      at async file:///Users/revtiramantripathi/Desktop/untitled%20folder%205/aimemeforge/frontend/node_modules/vite/dist/node/chunks/dep-BK3b2jBa.js:64439:39
      at async Promise.all (index 5)
      at async TransformPluginContext.transform (file:///Users/revtiramantripathi/Desktop/untitled%20folder%205/aimemeforge/frontend/node_modules/vite/dist/node/chunks/dep-BK3b2jBa.js:64366:7)
      at async PluginContainer.transform (file:///Users/revtiramantripathi/Desktop/untitled%20folder%205/aimemeforge/frontend/node_modules/vite/dist/node/chunks/dep-BK3b2jBa.js:49099:18)
      at async loadAndTransform (file:///Users/revtiramantripathi/Desktop/untitled%20folder%205/aimemeforge/frontend/node_modules/vite/dist/node/chunks/dep-BK3b2jBa.js:51978:27)
      at async viteTransformMiddleware (file:///Users/revtiramantripathi/Desktop/untitled%20folder%205/aimemeforge/frontend/node_modules/vite/dist/node/chunks/dep-BK3b2jBa.js:62106:24)
2:31:57 AM [vite] Internal server error: Failed to resolve import "../context/AuthContext" from "src/components/auth/LoginPage.jsx". Does the file exist?
  Plugin: vite:import-analysis
  File: /Users/revtiramantripathi/Desktop/untitled folder 5/aimemeforge/frontend/src/components/auth/LoginPage.jsx:3:24
  18 |  import { GoogleLogin } from "@react-oauth/google";
  19 |  import { jwtDecode } from "jwt-decode";
  20 |  import { useAuth } from "../context/AuthContext";
     |                           ^
  21 |  import axios from "axios";
  22 |  import { motion } from "framer-motion";
      at TransformPluginContext._formatError (file:///Users/revtiramantripathi/Desktop/untitled%20folder%205/aimemeforge/frontend/node_modules/vite/dist/node/chunks/dep-BK3b2jBa.js:49258:41)
      at TransformPluginContext.error (file:///Users/revtiramantripathi/Desktop/untitled%20folder%205/aimemeforge/frontend/node_modules/vite/dist/node/chunks/dep-BK3b2jBa.js:49253:16)
      at normalizeUrl (file:///Users/revtiramantripathi/Desktop/untitled%20folder%205/aimemeforge/frontend/node_modules/vite/dist/node/chunks/dep-BK3b2jBa.js:64307:23)
      at process.processTicksAndRejections (node:internal/process/task_queues:95:5)
      at async file:///Users/revtiramantripathi/Desktop/untitled%20folder%205/aimemeforge/frontend/node_modules/vite/dist/node/chunks/dep-BK3b2jBa.js:64439:39
      at async Promise.all (index 5)
      at async TransformPluginContext.transform (file:///Users/revtiramantripathi/Desktop/untitled%20folder%205/aimemeforge/frontend/node_modules/vite/dist/node/chunks/dep-BK3b2jBa.js:64366:7)
      at async PluginContainer.transform (file:///Users/revtiramantripathi/Desktop/untitled%20folder%205/aimemeforge/frontend/node_modules/vite/dist/node/chunks/dep-BK3b2jBa.js:49099:18)
      at async loadAndTransform (file:///Users/revtiramantripathi/Desktop/untitled%20folder%205/aimemeforge/frontend/node_modules/vite/dist/node/chunks/dep-BK3b2jBa.js:51978:27)
      at async viteTransformMiddleware (file:///Users/revtiramantripathi/Desktop/untitled%20folder%205/aimemeforge/frontend/node_modules/vite/dist/node/chunks/dep-BK3b2jBa.js:62106:24)
2:31:57 AM [vite] Internal server error: Failed to resolve import "../context/AuthContext" from "src/components/dashboard/UserDashboard.jsx". Does the file exist?
  Plugin: vite:import-analysis
  File: /Users/revtiramantripathi/Desktop/untitled folder 5/aimemeforge/frontend/src/components/dashboard/UserDashboard.jsx:3:24
  18 |  import { useState, useEffect } from "react";
  19 |  import { motion } from "framer-motion";
  20 |  import { useAuth } from "../context/AuthContext";
     |                           ^
  21 |  import axios from "axios";
  22 |  const API_BASE = import.meta.env.VITE_API_BASE || "http://localhost:8000";
      at TransformPluginContext._formatError (file:///Users/revtiramantripathi/Desktop/untitled%20folder%205/aimemeforge/frontend/node_modules/vite/dist/node/chunks/dep-BK3b2jBa.js:49258:41)
      at TransformPluginContext.error (file:///Users/revtiramantripathi/Desktop/untitled%20folder%205/aimemeforge/frontend/node_modules/vite/dist/node/chunks/dep-BK3b2jBa.js:49253:16)
      at normalizeUrl (file:///Users/revtiramantripathi/Desktop/untitled%20folder%205/aimemeforge/frontend/node_modules/vite/dist/node/chunks/dep-BK3b2jBa.js:64307:23)
      at process.processTicksAndRejections (node:internal/process/task_queues:95:5)
      at async file:///Users/revtiramantripathi/Desktop/untitled%20folder%205/aimemeforge/frontend/node_modules/vite/dist/node/chunks/dep-BK3b2jBa.js:64439:39
      at async Promise.all (index 5)
      at async TransformPluginContext.transform (file:///Users/revtiramantripathi/Desktop/untitled%20folder%205/aimemeforge/frontend/node_modules/vite/dist/node/chunks/dep-BK3b2jBa.js:64366:7)
      at async PluginContainer.transform (file:///Users/revtiramantripathi/Desktop/untitled%20folder%205/aimemeforge/frontend/node_modules/vite/dist/node/chunks/dep-BK3b2jBa.js:49099:18)
      at async loadAndTransform (file:///Users/revtiramantripathi/Desktop/untitled%20folder%205/aimemeforge/frontend/node_modules/vite/dist/node/chunks/dep-BK3b2jBa.js:51978:27)
      at async viteTransformMiddleware (file:///Users/revtiramantripathi/Desktop/untitled%20folder%205/aimemeforge/frontend/node_modules/vite/dist/node/chunks/dep-BK3b2jBa.js:62106:24)
2:31:58 AM [vite] Internal server error: Failed to resolve import "../context/AuthContext" from "src/components/auth/LoginPage.jsx". Does the file exist?
  Plugin: vite:import-analysis
  File: /Users/revtiramantripathi/Desktop/untitled folder 5/aimemeforge/frontend/src/components/auth/LoginPage.jsx:3:24
  18 |  import { GoogleLogin } from "@react-oauth/google";
  19 |  import { jwtDecode } from "jwt-decode";
  20 |  import { useAuth } from "../context/AuthContext";
     |                           ^
  21 |  import axios from "axios";
  22 |  import { motion } from "framer-motion";
      at TransformPluginContext._formatError (file:///Users/revtiramantripathi/Desktop/untitled%20folder%205/aimemeforge/frontend/node_modules/vite/dist/node/chunks/dep-BK3b2jBa.js:49258:41)
      at TransformPluginContext.error (file:///Users/revtiramantripathi/Desktop/untitled%20folder%205/aimemeforge/frontend/node_modules/vite/dist/node/chunks/dep-BK3b2jBa.js:49253:16)
      at normalizeUrl (file:///Users/revtiramantripathi/Desktop/untitled%20folder%205/aimemeforge/frontend/node_modules/vite/dist/node/chunks/dep-BK3b2jBa.js:64307:23)
      at process.processTicksAndRejections (node:internal/process/task_queues:95:5)
      at async file:///Users/revtiramantripathi/Desktop/untitled%20folder%205/aimemeforge/frontend/node_modules/vite/dist/node/chunks/dep-BK3b2jBa.js:64439:39
      at async Promise.all (index 5)
      at async TransformPluginContext.transform (file:///Users/revtiramantripathi/Desktop/untitled%20folder%205/aimemeforge/frontend/node_modules/vite/dist/node/chunks/dep-BK3b2jBa.js:64366:7)
      at async PluginContainer.transform (file:///Users/revtiramantripathi/Desktop/untitled%20folder%205/aimemeforge/frontend/node_modules/vite/dist/node/chunks/dep-BK3b2jBa.js:49099:18)
      at async loadAndTransform (file:///Users/revtiramantripathi/Desktop/untitled%20folder%205/aimemeforge/frontend/node_modules/vite/dist/node/chunks/dep-BK3b2jBa.js:51978:27)
      at async viteTransformMiddleware (file:///Users/revtiramantripathi/Desktop/untitled%20folder%205/aimemeforge/frontend/node_modules/vite/dist/node/chunks/dep-BK3b2jBa.js:62106:24)
2:31:58 AM [vite] Internal server error: Failed to resolve import "../context/AuthContext" from "src/components/dashboard/UserDashboard.jsx". Does the file exist?
  Plugin: vite:import-analysis
  File: /Users/revtiramantripathi/Desktop/untitled folder 5/aimemeforge/frontend/src/components/dashboard/UserDashboard.jsx:3:24
  18 |  import { useState, useEffect } from "react";
  19 |  import { motion } from "framer-motion";
  20 |  import { useAuth } from "../context/AuthContext";
     |                           ^
  21 |  import axios from "axios";
  22 |  const API_BASE = import.meta.env.VITE_API_BASE || "http://localhost:8000";
      at TransformPluginContext._formatError (file:///Users/revtiramantripathi/Desktop/untitled%20folder%205/aimemeforge/frontend/node_modules/vite/dist/node/chunks/dep-BK3b2jBa.js:49258:41)
      at TransformPluginContext.error (file:///Users/revtiramantripathi/Desktop/untitled%20folder%205/aimemeforge/frontend/node_modules/vite/dist/node/chunks/dep-BK3b2jBa.js:49253:16)
      at normalizeUrl (file:///Users/revtiramantripathi/Desktop/untitled%20folder%205/aimemeforge/frontend/node_modules/vite/dist/node/chunks/dep-BK3b2jBa.js:64307:23)
      at process.processTicksAndRejections (node:internal/process/task_queues:95:5)
      at async file:///Users/revtiramantripathi/Desktop/untitled%20folder%205/aimemeforge/frontend/node_modules/vite/dist/node/chunks/dep-BK3b2jBa.js:64439:39
      at async Promise.all (index 5)
      at async TransformPluginContext.transform (file:///Users/revtiramantripathi/Desktop/untitled%20folder%205/aimemeforge/frontend/node_modules/vite/dist/node/chunks/dep-BK3b2jBa.js:64366:7)
      at async PluginContainer.transform (file:///Users/revtiramantripathi/Desktop/untitled%20folder%205/aimemeforge/frontend/node_modules/vite/dist/node/chunks/dep-BK3b2jBa.js:49099:18)
      at async loadAndTransform (file:///Users/revtiramantripathi/Desktop/untitled%20folder%205/aimemeforge/frontend/node_modules/vite/dist/node/chunks/dep-BK3b2jBa.js:51978:27)
      at async viteTransformMiddleware (file:///Users/revtiramantripathi/Desktop/untitled%20folder%205/aimemeforge/frontend/node_modules/vite/dist/node/chunks/dep-BK3b2jBa.js:62106:24)
2:31:58 AM [vite] Internal server error: Failed to resolve import "../context/AuthContext" from "src/components/auth/LoginPage.jsx". Does the file exist?
  Plugin: vite:import-analysis
  File: /Users/revtiramantripathi/Desktop/untitled folder 5/aimemeforge/frontend/src/components/auth/LoginPage.jsx:3:24
  18 |  import { GoogleLogin } from "@react-oauth/google";
  19 |  import { jwtDecode } from "jwt-decode";
  20 |  import { useAuth } from "../context/AuthContext";
     |                           ^
  21 |  import axios from "axios";
  22 |  import { motion } from "framer-motion";
      at TransformPluginContext._formatError (file:///Users/revtiramantripathi/Desktop/untitled%20folder%205/aimemeforge/frontend/node_modules/vite/dist/node/chunks/dep-BK3b2jBa.js:49258:41)
      at TransformPluginContext.error (file:///Users/revtiramantripathi/Desktop/untitled%20folder%205/aimemeforge/frontend/node_modules/vite/dist/node/chunks/dep-BK3b2jBa.js:49253:16)
      at normalizeUrl (file:///Users/revtiramantripathi/Desktop/untitled%20folder%205/aimemeforge/frontend/node_modules/vite/dist/node/chunks/dep-BK3b2jBa.js:64307:23)
      at process.processTicksAndRejections (node:internal/process/task_queues:95:5)
      at async file:///Users/revtiramantripathi/Desktop/untitled%20folder%205/aimemeforge/frontend/node_modules/vite/dist/node/chunks/dep-BK3b2jBa.js:64439:39
      at async Promise.all (index 5)
      at async TransformPluginContext.transform (file:///Users/revtiramantripathi/Desktop/untitled%20folder%205/aimemeforge/frontend/node_modules/vite/dist/node/chunks/dep-BK3b2jBa.js:64366:7)
      at async PluginContainer.transform (file:///Users/revtiramantripathi/Desktop/untitled%20folder%205/aimemeforge/frontend/node_modules/vite/dist/node/chunks/dep-BK3b2jBa.js:49099:18)
      at async loadAndTransform (file:///Users/revtiramantripathi/Desktop/untitled%20folder%205/aimemeforge/frontend/node_modules/vite/dist/node/chunks/dep-BK3b2jBa.js:51978:27)
      at async viteTransformMiddleware (file:///Users/revtiramantripathi/Desktop/untitled%20folder%205/aimemeforge/frontend/node_modules/vite/dist/node/chunks/dep-BK3b2jBa.js:62106:24)
2:31:58 AM [vite] Internal server error: Failed to resolve import "../context/AuthContext" from "src/components/dashboard/UserDashboard.jsx". Does the file exist?
  Plugin: vite:import-analysis
  File: /Users/revtiramantripathi/Desktop/untitled folder 5/aimemeforge/frontend/src/components/dashboard/UserDashboard.jsx:3:24
  18 |  import { useState, useEffect } from "react";
  19 |  import { motion } from "framer-motion";
  20 |  import { useAuth } from "../context/AuthContext";
     |                           ^
  21 |  import axios from "axios";
  22 |  const API_BASE = import.meta.env.VITE_API_BASE || "http://localhost:8000";
      at TransformPluginContext._formatError (file:///Users/revtiramantripathi/Desktop/untitled%20folder%205/aimemeforge/frontend/node_modules/vite/dist/node/chunks/dep-BK3b2jBa.js:49258:41)
      at TransformPluginContext.error (file:///Users/revtiramantripathi/Desktop/untitled%20folder%205/aimemeforge/frontend/node_modules/vite/dist/node/chunks/dep-BK3b2jBa.js:49253:16)
      at normalizeUrl (file:///Users/revtiramantripathi/Desktop/untitled%20folder%205/aimemeforge/frontend/node_modules/vite/dist/node/chunks/dep-BK3b2jBa.js:64307:23)
      at process.processTicksAndRejections (node:internal/process/task_queues:95:5)
      at async file:///Users/revtiramantripathi/Desktop/untitled%20folder%205/aimemeforge/frontend/node_modules/vite/dist/node/chunks/dep-BK3b2jBa.js:64439:39
      at async Promise.all (index 5)
      at async TransformPluginContext.transform (file:///Users/revtiramantripathi/Desktop/untitled%20folder%205/aimemeforge/frontend/node_modules/vite/dist/node/chunks/dep-BK3b2jBa.js:64366:7)
      at async PluginContainer.transform (file:///Users/revtiramantripathi/Desktop/untitled%20folder%205/aimemeforge/frontend/node_modules/vite/dist/node/chunks/dep-BK3b2jBa.js:49099:18)
      at async loadAndTransform (file:///Users/revtiramantripathi/Desktop/untitled%20folder%205/aimemeforge/frontend/node_modules/vite/dist/node/chunks/dep-BK3b2jBa.js:51978:27)
      at async viteTransformMiddleware (file:///Users/revtiramantripathi/Desktop/untitled%20folder%205/aimemeforge/frontend/node_modules/vite/dist/node/chunks/dep-BK3b2jBa.js:62106:24)
2:32:24 AM [vite] Internal server error: Failed to resolve import "../context/AuthContext" from "src/components/auth/LoginPage.jsx". Does the file exist?
  Plugin: vite:import-analysis
  File: /Users/revtiramantripathi/Desktop/untitled folder 5/aimemeforge/frontend/src/components/auth/LoginPage.jsx:3:24
  18 |  import { GoogleLogin } from "@react-oauth/google";
  19 |  import { jwtDecode } from "jwt-decode";
  20 |  import { useAuth } from "../context/AuthContext";
     |                           ^
  21 |  import axios from "axios";
  22 |  import { motion } from "framer-motion";
      at TransformPluginContext._formatError (file:///Users/revtiramantripathi/Desktop/untitled%20folder%205/aimemeforge/frontend/node_modules/vite/dist/node/chunks/dep-BK3b2jBa.js:49258:41)
      at TransformPluginContext.error (file:///Users/revtiramantripathi/Desktop/untitled%20folder%205/aimemeforge/frontend/node_modules/vite/dist/node/chunks/dep-BK3b2jBa.js:49253:16)
      at normalizeUrl (file:///Users/revtiramantripathi/Desktop/untitled%20folder%205/aimemeforge/frontend/node_modules/vite/dist/node/chunks/dep-BK3b2jBa.js:64307:23)
      at process.processTicksAndRejections (node:internal/process/task_queues:95:5)
      at async file:///Users/revtiramantripathi/Desktop/untitled%20folder%205/aimemeforge/frontend/node_modules/vite/dist/node/chunks/dep-BK3b2jBa.js:64439:39
      at async Promise.all (index 5)
      at async TransformPluginContext.transform (file:///Users/revtiramantripathi/Desktop/untitled%20folder%205/aimemeforge/frontend/node_modules/vite/dist/node/chunks/dep-BK3b2jBa.js:64366:7)
      at async PluginContainer.transform (file:///Users/revtiramantripathi/Desktop/untitled%20folder%205/aimemeforge/frontend/node_modules/vite/dist/node/chunks/dep-BK3b2jBa.js:49099:18)
      at async loadAndTransform (file:///Users/revtiramantripathi/Desktop/untitled%20folder%205/aimemeforge/frontend/node_modules/vite/dist/node/chunks/dep-BK3b2jBa.js:51978:27)
      at async viteTransformMiddleware (file:///Users/revtiramantripathi/Desktop/untitled%20folder%205/aimemeforge/frontend/node_modules/vite/dist/node/chunks/dep-BK3b2jBa.js:62106:24)
2:32:24 AM [vite] Internal server error: Failed to resolve import "../context/AuthContext" from "src/components/dashboard/UserDashboard.jsx". Does the file exist?
  Plugin: vite:import-analysis
  File: /Users/revtiramantripathi/Desktop/untitled folder 5/aimemeforge/frontend/src/components/dashboard/UserDashboard.jsx:3:24
  18 |  import { useState, useEffect } from "react";
  19 |  import { motion } from "framer-motion";
  20 |  import { useAuth } from "../context/AuthContext";
     |                           ^
  21 |  import axios from "axios";
  22 |  const API_BASE = import.meta.env.VITE_API_BASE || "http://localhost:8000";
      at TransformPluginContext._formatError (file:///Users/revtiramantripathi/Desktop/untitled%20folder%205/aimemeforge/frontend/node_modules/vite/dist/node/chunks/dep-BK3b2jBa.js:49258:41)
      at TransformPluginContext.error (file:///Users/revtiramantripathi/Desktop/untitled%20folder%205/aimemeforge/frontend/node_modules/vite/dist/node/chunks/dep-BK3b2jBa.js:49253:16)
      at normalizeUrl (file:///Users/revtiramantripathi/Desktop/untitled%20folder%205/aimemeforge/frontend/node_modules/vite/dist/node/chunks/dep-BK3b2jBa.js:64307:23)
      at process.processTicksAndRejections (node:internal/process/task_queues:95:5)
      at async file:///Users/revtiramantripathi/Desktop/untitled%20folder%205/aimemeforge/frontend/node_modules/vite/dist/node/chunks/dep-BK3b2jBa.js:64439:39
      at async Promise.all (index 5)
      at async TransformPluginContext.transform (file:///Users/revtiramantripathi/Desktop/untitled%20folder%205/aimemeforge/frontend/node_modules/vite/dist/node/chunks/dep-BK3b2jBa.js:64366:7)
      at async PluginContainer.transform (file:///Users/revtiramantripathi/Desktop/untitled%20folder%205/aimemeforge/frontend/node_modules/vite/dist/node/chunks/dep-BK3b2jBa.js:49099:18)
      at async loadAndTransform (file:///Users/revtiramantripathi/Desktop/untitled%20folder%205/aimemeforge/frontend/node_modules/vite/dist/node/chunks/dep-BK3b2jBa.js:51978:27)
      at async viteTransformMiddleware (file:///Users/revtiramantripathi/Desktop/untitled%20folder%205/aimemeforge/frontend/node_modules/vite/dist/node/chunks/dep-BK3b2jBa.js:62106:24)
2:32:25 AM [vite] Internal server error: Failed to resolve import "../context/AuthContext" from "src/components/auth/LoginPage.jsx". Does the file exist?
  Plugin: vite:import-analysis
  File: /Users/revtiramantripathi/Desktop/untitled folder 5/aimemeforge/frontend/src/components/auth/LoginPage.jsx:3:24
  18 |  import { GoogleLogin } from "@react-oauth/google";
  19 |  import { jwtDecode } from "jwt-decode";
  20 |  import { useAuth } from "../context/AuthContext";
     |                           ^
  21 |  import axios from "axios";
  22 |  import { motion } from "framer-motion";
      at TransformPluginContext._formatError (file:///Users/revtiramantripathi/Desktop/untitled%20folder%205/aimemeforge/frontend/node_modules/vite/dist/node/chunks/dep-BK3b2jBa.js:49258:41)
      at TransformPluginContext.error (file:///Users/revtiramantripathi/Desktop/untitled%20folder%205/aimemeforge/frontend/node_modules/vite/dist/node/chunks/dep-BK3b2jBa.js:49253:16)
      at normalizeUrl (file:///Users/revtiramantripathi/Desktop/untitled%20folder%205/aimemeforge/frontend/node_modules/vite/dist/node/chunks/dep-BK3b2jBa.js:64307:23)
      at process.processTicksAndRejections (node:internal/process/task_queues:95:5)
      at async file:///Users/revtiramantripathi/Desktop/untitled%20folder%205/aimemeforge/frontend/node_modules/vite/dist/node/chunks/dep-BK3b2jBa.js:64439:39
      at async Promise.all (index 5)
      at async TransformPluginContext.transform (file:///Users/revtiramantripathi/Desktop/untitled%20folder%205/aimemeforge/frontend/node_modules/vite/dist/node/chunks/dep-BK3b2jBa.js:64366:7)
      at async PluginContainer.transform (file:///Users/revtiramantripathi/Desktop/untitled%20folder%205/aimemeforge/frontend/node_modules/vite/dist/node/chunks/dep-BK3b2jBa.js:49099:18)
      at async loadAndTransform (file:///Users/revtiramantripathi/Desktop/untitled%20folder%205/aimemeforge/frontend/node_modules/vite/dist/node/chunks/dep-BK3b2jBa.js:51978:27)
      at async viteTransformMiddleware (file:///Users/revtiramantripathi/Desktop/untitled%20folder%205/aimemeforge/frontend/node_modules/vite/dist/node/chunks/dep-BK3b2jBa.js:62106:24)
2:32:25 AM [vite] Internal server error: Failed to resolve import "../context/AuthContext" from "src/components/dashboard/UserDashboard.jsx". Does the file exist?
  Plugin: vite:import-analysis
  File: /Users/revtiramantripathi/Desktop/untitled folder 5/aimemeforge/frontend/src/components/dashboard/UserDashboard.jsx:3:24
  18 |  import { useState, useEffect } from "react";
  19 |  import { motion } from "framer-motion";
  20 |  import { useAuth } from "../context/AuthContext";
     |                           ^
  21 |  import axios from "axios";
  22 |  const API_BASE = import.meta.env.VITE_API_BASE || "http://localhost:8000";
      at TransformPluginContext._formatError (file:///Users/revtiramantripathi/Desktop/untitled%20folder%205/aimemeforge/frontend/node_modules/vite/dist/node/chunks/dep-BK3b2jBa.js:49258:41)
      at TransformPluginContext.error (file:///Users/revtiramantripathi/Desktop/untitled%20folder%205/aimemeforge/frontend/node_modules/vite/dist/node/chunks/dep-BK3b2jBa.js:49253:16)
      at normalizeUrl (file:///Users/revtiramantripathi/Desktop/untitled%20folder%205/aimemeforge/frontend/node_modules/vite/dist/node/chunks/dep-BK3b2jBa.js:64307:23)
      at process.processTicksAndRejections (node:internal/process/task_queues:95:5)
      at async file:///Users/revtiramantripathi/Desktop/untitled%20folder%205/aimemeforge/frontend/node_modules/vite/dist/node/chunks/dep-BK3b2jBa.js:64439:39
      at async Promise.all (index 5)
      at async TransformPluginContext.transform (file:///Users/revtiramantripathi/Desktop/untitled%20folder%205/aimemeforge/frontend/node_modules/vite/dist/node/chunks/dep-BK3b2jBa.js:64366:7)
      at async PluginContainer.transform (file:///Users/revtiramantripathi/Desktop/untitled%20folder%205/aimemeforge/frontend/node_modules/vite/dist/node/chunks/dep-BK3b2jBa.js:49099:18)
      at async loadAndTransform (file:///Users/revtiramantripathi/Desktop/untitled%20folder%205/aimemeforge/frontend/node_modules/vite/dist/node/chunks/dep-BK3b2jBa.js:51978:27)
      at async viteTransformMiddleware (file:///Users/revtiramantripathi/Desktop/untitled%20folder%205/aimemeforge/frontend/node_modules/vite/dist/node/chunks/dep-BK3b2jBa.js:62106:24)
2:33:42 AM [vite] Internal server error: Failed to resolve import "../context/AuthContext" from "src/components/auth/LoginPage.jsx". Does the file exist?
  Plugin: vite:import-analysis
  File: /Users/revtiramantripathi/Desktop/untitled folder 5/aimemeforge/frontend/src/components/auth/LoginPage.jsx:3:24
  18 |  import { GoogleLogin } from "@react-oauth/google";
  19 |  import { jwtDecode } from "jwt-decode";
  20 |  import { useAuth } from "../context/AuthContext";
     |                           ^
  21 |  import axios from "axios";
  22 |  import { motion } from "framer-motion";
      at TransformPluginContext._formatError (file:///Users/revtiramantripathi/Desktop/untitled%20folder%205/aimemeforge/frontend/node_modules/vite/dist/node/chunks/dep-BK3b2jBa.js:49258:41)
      at TransformPluginContext.error (file:///Users/revtiramantripathi/Desktop/untitled%20folder%205/aimemeforge/frontend/node_modules/vite/dist/node/chunks/dep-BK3b2jBa.js:49253:16)
      at normalizeUrl (file:///Users/revtiramantripathi/Desktop/untitled%20folder%205/aimemeforge/frontend/node_modules/vite/dist/node/chunks/dep-BK3b2jBa.js:64307:23)
      at process.processTicksAndRejections (node:internal/process/task_queues:95:5)
      at async file:///Users/revtiramantripathi/Desktop/untitled%20folder%205/aimemeforge/frontend/node_modules/vite/dist/node/chunks/dep-BK3b2jBa.js:64439:39
      at async Promise.all (index 5)
      at async TransformPluginContext.transform (file:///Users/revtiramantripathi/Desktop/untitled%20folder%205/aimemeforge/frontend/node_modules/vite/dist/node/chunks/dep-BK3b2jBa.js:64366:7)
      at async PluginContainer.transform (file:///Users/revtiramantripathi/Desktop/untitled%20folder%205/aimemeforge/frontend/node_modules/vite/dist/node/chunks/dep-BK3b2jBa.js:49099:18)
      at async loadAndTransform (file:///Users/revtiramantripathi/Desktop/untitled%20folder%205/aimemeforge/frontend/node_modules/vite/dist/node/chunks/dep-BK3b2jBa.js:51978:27)
      at async viteTransformMiddleware (file:///Users/revtiramantripathi/Desktop/untitled%20folder%205/aimemeforge/frontend/node_modules/vite/dist/node/chunks/dep-BK3b2jBa.js:62106:24)
2:33:42 AM [vite] Internal server error: Failed to resolve import "../context/AuthContext" from "src/components/dashboard/UserDashboard.jsx". Does the file exist?
  Plugin: vite:import-analysis
  File: /Users/revtiramantripathi/Desktop/untitled folder 5/aimemeforge/frontend/src/components/dashboard/UserDashboard.jsx:3:24
  18 |  import { useState, useEffect } from "react";
  19 |  import { motion } from "framer-motion";
  20 |  import { useAuth } from "../context/AuthContext";
     |                           ^
  21 |  import axios from "axios";
  22 |  const API_BASE = import.meta.env.VITE_API_BASE || "http://localhost:8000";
      at TransformPluginContext._formatError (file:///Users/revtiramantripathi/Desktop/untitled%20folder%205/aimemeforge/frontend/node_modules/vite/dist/node/chunks/dep-BK3b2jBa.js:49258:41)
      at TransformPluginContext.error (file:///Users/revtiramantripathi/Desktop/untitled%20folder%205/aimemeforge/frontend/node_modules/vite/dist/node/chunks/dep-BK3b2jBa.js:49253:16)
      at normalizeUrl (file:///Users/revtiramantripathi/Desktop/untitled%20folder%205/aimemeforge/frontend/node_modules/vite/dist/node/chunks/dep-BK3b2jBa.js:64307:23)
      at process.processTicksAndRejections (node:internal/process/task_queues:95:5)
      at async file:///Users/revtiramantripathi/Desktop/untitled%20folder%205/aimemeforge/frontend/node_modules/vite/dist/node/chunks/dep-BK3b2jBa.js:64439:39
      at async Promise.all (index 5)
      at async TransformPluginContext.transform (file:///Users/revtiramantripathi/Desktop/untitled%20folder%205/aimemeforge/frontend/node_modules/vite/dist/node/chunks/dep-BK3b2jBa.js:64366:7)
      at async PluginContainer.transform (file:///Users/revtiramantripathi/Desktop/untitled%20folder%205/aimemeforge/frontend/node_modules/vite/dist/node/chunks/dep-BK3b2jBa.js:49099:18)
      at async loadAndTransform (file:///Users/revtiramantripathi/Desktop/untitled%20folder%205/aimemeforge/frontend/node_modules/vite/dist/node/chunks/dep-BK3b2jBa.js:51978:27)
      at async viteTransformMiddleware (file:///Users/revtiramantripathi/Desktop/untitled%20folder%205/aimemeforge/frontend/node_modules/vite/dist/node/chunks/dep-BK3b2jBa.js:62106:24)
2:33:49 AM [vite] Internal server error: Failed to resolve import "../context/AuthContext" from "src/components/auth/LoginPage.jsx". Does the file exist?
  Plugin: vite:import-analysis
  File: /Users/revtiramantripathi/Desktop/untitled folder 5/aimemeforge/frontend/src/components/auth/LoginPage.jsx:3:24
  18 |  import { GoogleLogin } from "@react-oauth/google";
  19 |  import { jwtDecode } from "jwt-decode";
  20 |  import { useAuth } from "../context/AuthContext";
     |                           ^
  21 |  import axios from "axios";
  22 |  import { motion } from "framer-motion";
      at TransformPluginContext._formatError (file:///Users/revtiramantripathi/Desktop/untitled%20folder%205/aimemeforge/frontend/node_modules/vite/dist/node/chunks/dep-BK3b2jBa.js:49258:41)
      at TransformPluginContext.error (file:///Users/revtiramantripathi/Desktop/untitled%20folder%205/aimemeforge/frontend/node_modules/vite/dist/node/chunks/dep-BK3b2jBa.js:49253:16)
      at normalizeUrl (file:///Users/revtiramantripathi/Desktop/untitled%20folder%205/aimemeforge/frontend/node_modules/vite/dist/node/chunks/dep-BK3b2jBa.js:64307:23)
      at process.processTicksAndRejections (node:internal/process/task_queues:95:5)
      at async file:///Users/revtiramantripathi/Desktop/untitled%20folder%205/aimemeforge/frontend/node_modules/vite/dist/node/chunks/dep-BK3b2jBa.js:64439:39
      at async Promise.all (index 5)
      at async TransformPluginContext.transform (file:///Users/revtiramantripathi/Desktop/untitled%20folder%205/aimemeforge/frontend/node_modules/vite/dist/node/chunks/dep-BK3b2jBa.js:64366:7)
      at async PluginContainer.transform (file:///Users/revtiramantripathi/Desktop/untitled%20folder%205/aimemeforge/frontend/node_modules/vite/dist/node/chunks/dep-BK3b2jBa.js:49099:18)
      at async loadAndTransform (file:///Users/revtiramantripathi/Desktop/untitled%20folder%205/aimemeforge/frontend/node_modules/vite/dist/node/chunks/dep-BK3b2jBa.js:51978:27)
      at async viteTransformMiddleware (file:///Users/revtiramantripathi/Desktop/untitled%20folder%205/aimemeforge/frontend/node_modules/vite/dist/node/chunks/dep-BK3b2jBa.js:62106:24)
2:33:49 AM [vite] Internal server error: Failed to resolve import "../context/AuthContext" from "src/components/dashboard/UserDashboard.jsx". Does the file exist?
  Plugin: vite:import-analysis
  File: /Users/revtiramantripathi/Desktop/untitled folder 5/aimemeforge/frontend/src/components/dashboard/UserDashboard.jsx:3:24
  18 |  import { useState, useEffect } from "react";
  19 |  import { motion } from "framer-motion";
  20 |  import { useAuth } from "../context/AuthContext";
     |                           ^
  21 |  import axios from "axios";
  22 |  const API_BASE = import.meta.env.VITE_API_BASE || "http://localhost:8000";
      at TransformPluginContext._formatError (file:///Users/revtiramantripathi/Desktop/untitled%20folder%205/aimemeforge/frontend/node_modules/vite/dist/node/chunks/dep-BK3b2jBa.js:49258:41)
      at TransformPluginContext.error (file:///Users/revtiramantripathi/Desktop/untitled%20folder%205/aimemeforge/frontend/node_modules/vite/dist/node/chunks/dep-BK3b2jBa.js:49253:16)
      at normalizeUrl (file:///Users/revtiramantripathi/Desktop/untitled%20folder%205/aimemeforge/frontend/node_modules/vite/dist/node/chunks/dep-BK3b2jBa.js:64307:23)
      at process.processTicksAndRejections (node:internal/process/task_queues:95:5)
      at async file:///Users/revtiramantripathi/Desktop/untitled%20folder%205/aimemeforge/frontend/node_modules/vite/dist/node/chunks/dep-BK3b2jBa.js:64439:39
      at async Promise.all (index 5)
      at async TransformPluginContext.transform (file:///Users/revtiramantripathi/Desktop/untitled%20folder%205/aimemeforge/frontend/node_modules/vite/dist/node/chunks/dep-BK3b2jBa.js:64366:7)
      at async PluginContainer.transform (file:///Users/revtiramantripathi/Desktop/untitled%20folder%205/aimemeforge/frontend/node_modules/vite/dist/node/chunks/dep-BK3b2jBa.js:49099:18)
      at async loadAndTransform (file:///Users/revtiramantripathi/Desktop/untitled%20folder%205/aimemeforge/frontend/node_modules/vite/dist/node/chunks/dep-BK3b2jBa.js:51978:27)
      at async viteTransformMiddleware (file:///Users/revtiramantripathi/Desktop/untitled%20folder%205/aimemeforge/frontend/node_modules/vite/dist/node/chunks/dep-BK3b2jBa.js:62106:24)
2:34:36 AM [vite] hmr update /src/index.css, /src/App.jsx
2:34:47 AM [vite] hmr update /src/index.css, /src/App.jsx
2:44:46 AM [vite] hmr update /src/index.css, /src/App.jsx
2:44:46 AM [vite] hmr update /src/index.css, /src/App.jsx
3:36:04 AM [vite] hmr update /src/context/AuthContext.jsx, /src/index.css
3:36:04 AM [vite] hmr invalidate /src/context/AuthContext.jsx Could not Fast Refresh ("useAuth" export is incompatible). Learn more at https://github.com/vitejs/vite-plugin-react/tree/main/packages/plugin-react#consistent-components-exports
3:36:04 AM [vite] hmr update /src/index.css, /src/App.jsx, /src/components/layout/AppHeader.jsx, /src/components/auth/LoginPage.jsx, /src/components/dashboard/UserDashboard.jsx
3:36:16 AM [vite] page reload src/components/auth/LoginModal.jsx
3:36:16 AM [vite] hmr update /src/context/AuthContext.jsx, /src/index.css
3:36:16 AM [vite] hmr invalidate /src/context/AuthContext.jsx Could not Fast Refresh ("useAuth" export is incompatible). Learn more at https://github.com/vitejs/vite-plugin-react/tree/main/packages/plugin-react#consistent-components-exports
3:36:16 AM [vite] hmr update /src/index.css, /src/App.jsx, /src/components/layout/AppHeader.jsx, /src/components/auth/LoginPage.jsx, /src/components/dashboard/UserDashboard.jsx
3:36:39 AM [vite] hmr update /src/App.jsx, /src/index.css
3:36:45 AM [vite] hmr update /src/App.jsx, /src/index.css
3:37:21 AM [vite] hmr update /src/components/sections/GeneratorSection.jsx, /src/index.css
3:37:32 AM [vite] hmr update /src/components/sections/GeneratorSection.jsx, /src/index.css
3:38:45 AM [vite] hmr update /src/components/sections/GeneratorSection.jsx, /src/index.css
1:49:25 PM [vite] hmr update /src/index.css, /src/App.jsx
1:59:22 PM [vite] hmr update /src/index.css, /src/App.jsx
2:48:28 PM [vite] .env changed, restarting server...
2:48:28 PM [vite] server restarted.
